Component: ARM Compiler 5.06 update 6 (build 750) Tool: armlink [4d35ed]

==============================================================================

Section Cross References

    stm32f10x_adc.o(i.ADC_DeInit) refers to stm32f10x_rcc.o(i.RCC_APB2PeriphResetCmd) for RCC_APB2PeriphResetCmd
    stm32f10x_bkp.o(i.BKP_DeInit) refers to stm32f10x_rcc.o(i.RCC_BackupResetCmd) for RCC_BackupResetCmd
    stm32f10x_can.o(i.CAN_DeInit) refers to stm32f10x_rcc.o(i.RCC_APB1PeriphResetCmd) for RCC_APB1PeriphResetCmd
    stm32f10x_can.o(i.CAN_GetITStatus) refers to stm32f10x_can.o(i.CheckITStatus) for CheckITStatus
    stm32f10x_cec.o(i.CEC_DeInit) refers to stm32f10x_rcc.o(i.RCC_APB1PeriphResetCmd) for RCC_APB1PeriphResetCmd
    stm32f10x_dac.o(i.DAC_DeInit) refers to stm32f10x_rcc.o(i.RCC_APB1PeriphResetCmd) for RCC_APB1PeriphResetCmd
    stm32f10x_flash.o(i.FLASH_EnableWriteProtection) refers to stm32f10x_flash.o(i.FLASH_WaitForLastOperation) for FLASH_WaitForLastOperation
    stm32f10x_flash.o(i.FLASH_EraseAllBank1Pages) refers to stm32f10x_flash.o(i.FLASH_WaitForLastBank1Operation) for FLASH_WaitForLastBank1Operation
    stm32f10x_flash.o(i.FLASH_EraseAllPages) refers to stm32f10x_flash.o(i.FLASH_WaitForLastOperation) for FLASH_WaitForLastOperation
    stm32f10x_flash.o(i.FLASH_EraseOptionBytes) refers to stm32f10x_flash.o(i.FLASH_GetReadOutProtectionStatus) for FLASH_GetReadOutProtectionStatus
    stm32f10x_flash.o(i.FLASH_EraseOptionBytes) refers to stm32f10x_flash.o(i.FLASH_WaitForLastOperation) for FLASH_WaitForLastOperation
    stm32f10x_flash.o(i.FLASH_ErasePage) refers to stm32f10x_flash.o(i.FLASH_WaitForLastOperation) for FLASH_WaitForLastOperation
    stm32f10x_flash.o(i.FLASH_ProgramHalfWord) refers to stm32f10x_flash.o(i.FLASH_WaitForLastOperation) for FLASH_WaitForLastOperation
    stm32f10x_flash.o(i.FLASH_ProgramOptionByteData) refers to stm32f10x_flash.o(i.FLASH_WaitForLastOperation) for FLASH_WaitForLastOperation
    stm32f10x_flash.o(i.FLASH_ProgramWord) refers to stm32f10x_flash.o(i.FLASH_WaitForLastOperation) for FLASH_WaitForLastOperation
    stm32f10x_flash.o(i.FLASH_ReadOutProtection) refers to stm32f10x_flash.o(i.FLASH_WaitForLastOperation) for FLASH_WaitForLastOperation
    stm32f10x_flash.o(i.FLASH_UserOptionByteConfig) refers to stm32f10x_flash.o(i.FLASH_WaitForLastOperation) for FLASH_WaitForLastOperation
    stm32f10x_flash.o(i.FLASH_WaitForLastBank1Operation) refers to stm32f10x_flash.o(i.FLASH_GetBank1Status) for FLASH_GetBank1Status
    stm32f10x_flash.o(i.FLASH_WaitForLastOperation) refers to stm32f10x_flash.o(i.FLASH_GetBank1Status) for FLASH_GetBank1Status
    stm32f10x_gpio.o(i.GPIO_AFIODeInit) refers to stm32f10x_rcc.o(i.RCC_APB2PeriphResetCmd) for RCC_APB2PeriphResetCmd
    stm32f10x_gpio.o(i.GPIO_DeInit) refers to stm32f10x_rcc.o(i.RCC_APB2PeriphResetCmd) for RCC_APB2PeriphResetCmd
    stm32f10x_i2c.o(i.I2C_DeInit) refers to stm32f10x_rcc.o(i.RCC_APB1PeriphResetCmd) for RCC_APB1PeriphResetCmd
    stm32f10x_i2c.o(i.I2C_Init) refers to stm32f10x_rcc.o(i.RCC_GetClocksFreq) for RCC_GetClocksFreq
    stm32f10x_pwr.o(i.PWR_DeInit) refers to stm32f10x_rcc.o(i.RCC_APB1PeriphResetCmd) for RCC_APB1PeriphResetCmd
    stm32f10x_rcc.o(i.RCC_GetClocksFreq) refers to stm32f10x_rcc.o(.data) for .data
    stm32f10x_rcc.o(i.RCC_WaitForHSEStartUp) refers to stm32f10x_rcc.o(i.RCC_GetFlagStatus) for RCC_GetFlagStatus
    stm32f10x_rtc.o(i.RTC_SetAlarm) refers to stm32f10x_rtc.o(i.RTC_EnterConfigMode) for RTC_EnterConfigMode
    stm32f10x_rtc.o(i.RTC_SetAlarm) refers to stm32f10x_rtc.o(i.RTC_ExitConfigMode) for RTC_ExitConfigMode
    stm32f10x_rtc.o(i.RTC_SetCounter) refers to stm32f10x_rtc.o(i.RTC_EnterConfigMode) for RTC_EnterConfigMode
    stm32f10x_rtc.o(i.RTC_SetCounter) refers to stm32f10x_rtc.o(i.RTC_ExitConfigMode) for RTC_ExitConfigMode
    stm32f10x_rtc.o(i.RTC_SetPrescaler) refers to stm32f10x_rtc.o(i.RTC_EnterConfigMode) for RTC_EnterConfigMode
    stm32f10x_rtc.o(i.RTC_SetPrescaler) refers to stm32f10x_rtc.o(i.RTC_ExitConfigMode) for RTC_ExitConfigMode
    stm32f10x_spi.o(i.I2S_Init) refers to stm32f10x_rcc.o(i.RCC_GetClocksFreq) for RCC_GetClocksFreq
    stm32f10x_spi.o(i.SPI_I2S_DeInit) refers to stm32f10x_rcc.o(i.RCC_APB2PeriphResetCmd) for RCC_APB2PeriphResetCmd
    stm32f10x_spi.o(i.SPI_I2S_DeInit) refers to stm32f10x_rcc.o(i.RCC_APB1PeriphResetCmd) for RCC_APB1PeriphResetCmd
    stm32f10x_tim.o(i.TIM_DeInit) refers to stm32f10x_rcc.o(i.RCC_APB1PeriphResetCmd) for RCC_APB1PeriphResetCmd
    stm32f10x_tim.o(i.TIM_DeInit) refers to stm32f10x_rcc.o(i.RCC_APB2PeriphResetCmd) for RCC_APB2PeriphResetCmd
    stm32f10x_tim.o(i.TIM_ETRClockMode1Config) refers to stm32f10x_tim.o(i.TIM_ETRConfig) for TIM_ETRConfig
    stm32f10x_tim.o(i.TIM_ETRClockMode2Config) refers to stm32f10x_tim.o(i.TIM_ETRConfig) for TIM_ETRConfig
    stm32f10x_tim.o(i.TIM_ICInit) refers to stm32f10x_tim.o(i.TI1_Config) for TI1_Config
[...]
    .ARM.Collect$$_printf_percent$$00000001  0x08000160   Section        6  _printf_n.o(.ARM.Collect$$_printf_percent$$00000001)
    .ARM.Collect$$_printf_percent$$00000002  0x08000166   Section        6  _printf_p.o(.ARM.Collect$$_printf_percent$$00000002)
    .ARM.Collect$$_printf_percent$$00000003  0x0800016c   Section        6  _printf_f.o(.ARM.Collect$$_printf_percent$$00000003)
    .ARM.Collect$$_printf_percent$$00000004  0x08000172   Section        6  _printf_e.o(.ARM.Collect$$_printf_percent$$00000004)
    .ARM.Collect$$_printf_percent$$00000005  0x08000178   Section        6  _printf_g.o(.ARM.Collect$$_printf_percent$$00000005)
    .ARM.Collect$$_printf_percent$$00000006  0x0800017e   Section        6  _printf_a.o(.ARM.Collect$$_printf_percent$$00000006)
    .ARM.Collect$$_printf_percent$$00000007  0x08000184   Section       10  _printf_ll.o(.ARM.Collect$$_printf_percent$$00000007)
    .ARM.Collect$$_printf_percent$$00000008  0x0800018e   Section        6  _printf_i.o(.ARM.Collect$$_printf_percent$$00000008)
    .ARM.Collect$$_printf_percent$$00000009  0x08000194   Section        6  _printf_d.o(.ARM.Collect$$_printf_percent$$00000009)
    .ARM.Collect$$_printf_percent$$0000000A  0x0800019a   Section        6  _printf_u.o(.ARM.Collect$$_printf_percent$$0000000A)
    .ARM.Collect$$_printf_percent$$0000000B  0x080001a0   Section        6  _printf_o.o(.ARM.Collect$$_printf_percent$$0000000B)
    .ARM.Collect$$_printf_percent$$0000000C  0x080001a6   Section        6  _printf_x.o(.ARM.Collect$$_printf_percent$$0000000C)
    .ARM.Collect$$_printf_percent$$0000000D  0x080001ac   Section        6  _printf_lli.o(.ARM.Collect$$_printf_percent$$0000000D)
    .ARM.Collect$$_printf_percent$$0000000E  0x080001b2   Section        6  _printf_lld.o(.ARM.Collect$$_printf_percent$$0000000E)
    .ARM.Collect$$_printf_percent$$0000000F  0x080001b8   Section        6  _printf_llu.o(.ARM.Collect$$_printf_percent$$0000000F)
    .ARM.Collect$$_printf_percent$$00000010  0x080001be   Section        6  _printf_llo.o(.ARM.Collect$$_printf_percent$$00000010)
    .ARM.Collect$$_printf_percent$$00000011  0x080001c4   Section        6  _printf_llx.o(.ARM.Collect$$_printf_percent$$00000011)
    .ARM.Collect$$_printf_percent$$00000012  0x080001ca   Section       10  _printf_l.o(.ARM.Collect$$_printf_percent$$00000012)
    .ARM.Collect$$_printf_percent$$00000013  0x080001d4   Section        6  _printf_c.o(.ARM.Collect$$_printf_percent$$00000013)
    .ARM.Collect$$_printf_percent$$00000014  0x080001da   Section        6  _printf_s.o(.ARM.Collect$$_printf_percent$$00000014)
    .ARM.Collect$$_printf_percent$$00000015  0x080001e0   Section        6  _printf_lc.o(.ARM.Collect$$_printf_percent$$00000015)
    .ARM.Collect$$_printf_percent$$00000016  0x080001e6   Section        6  _printf_ls.o(.ARM.Collect$$_printf_percent$$00000016)
    .ARM.Collect$$_printf_percent$$00000017  0x080001ec   Section        4  _printf_percent_end.o(.ARM.Collect$$_printf_percent$$00000017)
    .ARM.Collect$$libinit$$00000000          0x080001f0   Section        2  libinit.o(.ARM.Collect$$libinit$$00000000)
    .ARM.Collect$$libinit$$00000002          0x080001f2   Section        0  libinit2.o(.ARM.Collect$$libinit$$00000002)
    .ARM.Collect$$libinit$$00000004          0x080001f2   Section        0  libinit2.o(.ARM.Collect$$libinit$$00000004)
    .ARM.Collect$$libinit$$0000000A          0x080001f2   Section        0  libinit2.o(.ARM.Collect$$libinit$$0000000A)
    .ARM.Collect$$libinit$$0000000C          0x080001f2   Section        0  libinit2.o(.ARM.Collect$$libinit$$0000000C)
    .ARM.Collect$$libinit$$0000000E          0x080001f2   Section        0  libinit2.o(.ARM.Collect$$libinit$$0000000E)
    .ARM.Collect$$libinit$$0000000F          0x080001f2   Section        6  libinit2.o(.ARM.Collect$$libinit$$0000000F)
    .ARM.Collect$$libinit$$00000011          0x080001f8   Section        0  libinit2.o(.ARM.Collect$$libinit$$00000011)
    .ARM.Collect$$libinit$$00000012          0x080001f8   Section       12  libinit2.o(.ARM.Collect$$libinit$$00000012)
    .ARM.Collect$$libinit$$00000013          0x08000204   Section        0  libinit2.o(.ARM.Collect$$libinit$$00000013)
    .ARM.Collect$$libinit$$00000015          0x08000204   Section        0  libinit2.o(.ARM.Collect$$libinit$$00000015)
    .ARM.Collect$$libinit$$00000016          0x08000204   Section       10  libinit2.o(.ARM.Collect$$libinit$$00000016)
    .ARM.Collect$$libinit$$00000017          0x0800020e   Section        0  libinit2.o(.ARM.Collect$$libinit$$00000017)
    .ARM.Collect$$libinit$$00000019          0x0800020e   Section        0  libinit2.o(.ARM.Collect$$libinit$$00000019)
    .ARM.Collect$$libinit$$0000001B          0x0800020e   Section        0  libinit2.o(.ARM.Collect$$libinit$$0000001B)
    .ARM.Collect$$libinit$$0000001D          0x0800020e   Section        0  libinit2.o(.ARM.Collect$$libinit$$0000001D)
    .ARM.Collect$$libinit$$0000001F          0x0800020e   Section        0  libinit2.o(.ARM.Collect$$libinit$$0000001F)
    .ARM.Collect$$libinit$$00000021          0x0800020e   Section        0  libinit2.o(.ARM.Collect$$libinit$$00000021)
    .ARM.Collect$$libinit$$00000023          0x0800020e   Section        0  libinit2.o(.ARM.Collect$$libinit$$00000023)
    .ARM.Collect$$libinit$$00000025          0x0800020e   Section        0  libinit2.o(.ARM.Collect$$libinit$$00000025)
    .ARM.Collect$$libinit$$0000002C          0x0800020e   Section        0  libinit2.o(.ARM.Collect$$libinit$$0000002C)
    .ARM.Collect$$libinit$$0000002E          0x0800020e   Section        0  libinit2.o(.ARM.Collect$$libinit$$0000002E)
    .ARM.Collect$$libinit$$00000030          0x0800020e   Section        0  libinit2.o(.ARM.Collect$$libinit$$00000030)
    .ARM.Collect$$libinit$$00000032          0x0800020e   Section        0  libinit2.o(.ARM.Collect$$libinit$$00000032)
    .ARM.Collect$$libinit$$00000033          0x0800020e   Section        2  libinit2.o(.ARM.Collect$$libinit$$00000033)
    .ARM.Collect$$libshutdown$$00000000      0x08000210   Section        2  libshutdown.o(.ARM.Collect$$libshutdown$$00000000)
    .ARM.Collect$$libshutdown$$00000002      0x08000212   Section        0  libshutdown2.o(.ARM.Collect$$libshutdown$$00000002)
    .ARM.Collect$$libshutdown$$00000004      0x08000212   Section        0  libshutdown2.o(.ARM.Collect$$libshutdown$$00000004)
    .ARM.Collect$$libshutdown$$00000007      0x08000212   Section        0  libshutdown2.o(.ARM.Collect$$libshutdown$$00000007)
    .ARM.Collect$$libshutdown$$0000000A      0x08000212   Section        0  libshutdown2.o(.ARM.Collect$$libshutdown$$0000000A)
    .ARM.Collect$$libshutdown$$0000000C      0x08000212   Section        0  libshutdown2.o(.ARM.Collect$$libshutdown$$0000000C)
    .ARM.Collect$$libshutdown$$0000000F      0x08000212   Section        0  libshutdown2.o(.ARM.Collect$$libshutdown$$0000000F)
    .ARM.Collect$$libshutdown$$00000010      0x08000212   Section        2  libshutdown2.o(.ARM.Collect$$libshutdown$$00000010)
    .ARM.Collect$$rtentry$$00000000          0x08000214   Section        0  __rtentry.o(.ARM.Collect$$rtentry$$00000000)
    .ARM.Collect$$rtentry$$00000002          0x08000214   Section        0  __rtentry2.o(.ARM.Collect$$rtentry$$00000002)
    .ARM.Collect$$rtentry$$00000004          0x08000214   Section        6  __rtentry4.o(.ARM.Collect$$rtentry$$00000004)
    .ARM.Collect$$rtentry$$00000009          0x0800021a   Section        0  __rtentry2.o(.ARM.Collect$$rtentry$$00000009)
    .ARM.Collect$$rtentry$$0000000A          0x0800021a   Section        4  __rtentry2.o(.ARM.Collect$$rtentry$$0000000A)
    .ARM.Collect$$rtentry$$0000000C          0x0800021e   Section        0  __rtentry2.o(.ARM.Collect$$rtentry$$0000000C)
    .ARM.Collect$$rtentry$$0000000D          0x0800021e   Section        8  __rtentry2.o(.ARM.Collect$$rtentry$$0000000D)
    .ARM.Collect$$rtexit$$00000000           0x08000226   Section        2  rtexit.o(.ARM.Collect$$rtexit$$00000000)
    .ARM.Collect$$rtexit$$00000002           0x08000228   Section        0  rtexit2.o(.ARM.Collect$$rtexit$$00000002)
    .ARM.Collect$$rtexit$$00000003           0x08000228   Section        4  rtexit2.o(.ARM.Collect$$rtexit$$00000003)
    .ARM.Collect$$rtexit$$00000004           0x0800022c   Section        6  rtexit2.o(.ARM.Collect$$rtexit$$00000004)
    .text                                    0x08000234   Section       64  startup_stm32f10x_md.o(.text)
    .text                                    0x08000274   Section        0  vsprintf.o(.text)
    .text                                    0x08000298   Section      128  strcmpv7m.o(.text)
    .text                                    0x08000318   Section        0  heapauxi.o(.text)
    .text                                    0x0800031e   Section        0  _printf_pad.o(.text)
    .text                                    0x0800036c   Section        0  _printf_truncate.o(.text)
    .text                                    0x08000390   Section        0  _printf_str.o(.text)
    .text                                    0x080003e4   Section        0  _printf_dec.o(.text)
    .text                                    0x0800045c   Section        0  _printf_charcount.o(.text)
    .text                                    0x08000484   Section        0  _printf_char_common.o(.text)
    _printf_input_char                       0x08000485   Thumb Code    10  _printf_char_common.o(.text)
    .text                                    0x080004b4   Section        0  _sputc.o(.text)
    .text                                    0x080004c0   Section        0  _printf_wctomb.o(.text)
    .text                                    0x0800057c   Section        0  _printf_longlong_dec.o(.text)
    .text                                    0x080005f8   Section        0  _printf_oct_int_ll.o(.text)
    _printf_longlong_oct_internal            0x080005f9   Thumb Code     0  _printf_oct_int_ll.o(.text)
    .text                                    0x08000668   Section        0  _printf_hex_int_ll_ptr.o(.text)
    _printf_hex_common                       0x08000669   Thumb Code     0  _printf_hex_int_ll_ptr.o(.text)
    .text                                    0x080006fc   Section        0  __printf_flags_ss_wp.o(.text)
    .text                                    0x08000884   Section      138  lludiv10.o(.text)
    .text                                    0x0800090e   Section        0  _printf_intcommon.o(.text)
    .text                                    0x080009c0   Section        0  _printf_fp_dec.o(.text)
    _fp_digits                               0x080009c3   Thumb Code   432  _printf_fp_dec.o(.text)
    .text                                    0x08000de0   Section        0  _printf_fp_hex.o(.text)
    .text                                    0x080010dc   Section        0  _printf_char.o(.text)
    .text                                    0x08001108   Section        0  _printf_wchar.o(.text)
    .text                                    0x08001134   Section        0  _wcrtomb.o(.text)
    .text                                    0x08001174   Section        8  libspace.o(.text)
    .text                                    0x0800117c   Section       74  sys_stackheap_outer.o(.text)
    .text                                    0x080011c8   Section       16  rt_ctype_table.o(.text)
    .text                                    0x080011d8   Section        8  rt_locale_intlibspace.o(.text)
    .text                                    0x080011e0   Section        0  _printf_fp_infnan.o(.text)
    .text                                    0x08001260   Section        0  bigflt0.o(.text)
    .text                                    0x08001344   Section        0  exit.o(.text)
    .text                                    0x08001358   Section        0  sys_exit.o(.text)
    .text                                    0x08001364   Section        2  use_no_semi.o(.text)
    .text                                    0x08001366   Section        0  indicate_semi.o(.text)
    CL$$btod_d2e                             0x08001366   Section       62  btod.o(CL$$btod_d2e)
    CL$$btod_d2e_denorm_low                  0x080013a4   Section       70  btod.o(CL$$btod_d2e_denorm_low)
    CL$$btod_d2e_norm_op1                    0x080013ea   Section       96  btod.o(CL$$btod_d2e_norm_op1)
    CL$$btod_div_common                      0x0800144a   Section      824  btod.o(CL$$btod_div_common)
    CL$$btod_e2e                             0x08001782   Section      220  btod.o(CL$$btod_e2e)
    CL$$btod_ediv                            0x0800185e   Section       42  btod.o(CL$$btod_ediv)
    CL$$btod_emul                            0x08001888   Section       42  btod.o(CL$$btod_emul)
    CL$$btod_mult_common                     0x080018b2   Section      580  btod.o(CL$$btod_mult_common)
    i.Begin_counting_control_init            0x08001af8   Section        0  speed.o(i.Begin_counting_control_init)
    i.BusFault_Handler                       0x08001b1c   Section        0  stm32f10x_it.o(i.BusFault_Handler)
    i.DebugMon_Handler                       0x08001b1e   Section        0  stm32f10x_it.o(i.DebugMon_Handler)
    i.Delay_ms                               0x08001b20   Section        0  delay.o(i.Delay_ms)
    i.Delay_us                               0x08001b36   Section        0  delay.o(i.Delay_us)
    i.DetectChip                             0x08001b58   Section        0  speed.o(i.DetectChip)
    i.Display_message                        0x08001b70   Section        0  speed.o(i.Display_message)
    i.GPIO_Configuration                     0x08001c3c   Section        0  speed.o(i.GPIO_Configuration)
    i.GPIO_Init                              0x08001cbc   Section        0  stm32f10x_gpio.o(i.GPIO_Init)
    i.GPIO_PinRemapConfig                    0x08001d60   Section        0  stm32f10x_gpio.o(i.GPIO_PinRemapConfig)
    i.GPIO_ReadInputDataBit                  0x08001db8   Section        0  stm32f10x_gpio.o(i.GPIO_ReadInputDataBit)
    i.GPIO_WriteBit                          0x08001dc6   Section        0  stm32f10x_gpio.o(i.GPIO_WriteBit)
    i.HandleError                            0x08001dd0   Section        0  speed.o(i.HandleError)
    i.HardFault_Handler                      0x08001e44   Section        0  stm32f10x_it.o(i.HardFault_Handler)
    i.MemManage_Handler                      0x08001e46   Section        0  stm32f10x_it.o(i.MemManage_Handler)
    i.NMI_Handler                            0x08001e48   Section        0  stm32f10x_it.o(i.NMI_Handler)
    i.NVIC_Configuration                     0x08001e4a   Section        0  speed.o(i.NVIC_Configuration)
    i.NVIC_Init                              0x08001e74   Section        0  misc.o(i.NVIC_Init)
    i.NVIC_PriorityGroupConfig               0x08001ed8   Section        0  misc.o(i.NVIC_PriorityGroupConfig)
    i.OLED_Clear                             0x08001eec   Section        0  oled.o(i.OLED_Clear)
    i.OLED_ClearArea                         0x08001f14   Section        0  oled.o(i.OLED_ClearArea)
    i.OLED_GPIO_Init                         0x08001f70   Section        0  oled.o(i.OLED_GPIO_Init)
    i.OLED_I2C_SendByte                      0x08001fcc   Section        0  oled.o(i.OLED_I2C_SendByte)
    i.OLED_I2C_Start                         0x08002006   Section        0  oled.o(i.OLED_I2C_Start)
    i.OLED_I2C_Stop                          0x08002024   Section        0  oled.o(i.OLED_I2C_Stop)
    i.OLED_Init                              0x0800203c   Section        0  oled.o(i.OLED_Init)
    i.OLED_Pow                               0x080020d8   Section        0  oled.o(i.OLED_Pow)
    i.OLED_SetCursor                         0x080020e6   Section        0  oled.o(i.OLED_SetCursor)
    i.OLED_ShowChar                          0x08002108   Section        0  oled.o(i.OLED_ShowChar)
    i.OLED_ShowImage                         0x08002144   Section        0  oled.o(i.OLED_ShowImage)
    i.OLED_ShowNum                           0x08002200   Section        0  oled.o(i.OLED_ShowNum)
    i.OLED_ShowString                        0x08002246   Section        0  oled.o(i.OLED_ShowString)
    i.OLED_Update                            0x08002274   Section        0  oled.o(i.OLED_Update)
    i.OLED_W_SCL                             0x0800229c   Section        0  oled.o(i.OLED_W_SCL)
    i.OLED_W_SDA                             0x080022ac   Section        0  oled.o(i.OLED_W_SDA)
    i.OLED_WriteCommand                      0x080022bc   Section        0  oled.o(i.OLED_WriteCommand)
    i.OLED_WriteData                         0x080022de   Section        0  oled.o(i.OLED_WriteData)
    i.PendSV_Handler                         0x0800230e   Section        0  stm32f10x_it.o(i.PendSV_Handler)
    i.PrintStatistics                        0x08002310   Section        0  speed.o(i.PrintStatistics)
    i.ProcessChipDetection                   0x0800246c   Section        0  speed.o(i.ProcessChipDetection)
    i.RCC_APB1PeriphClockCmd                 0x08002524   Section        0  stm32f10x_rcc.o(i.RCC_APB1PeriphClockCmd)
    i.RCC_APB2PeriphClockCmd                 0x0800253c   Section        0  stm32f10x_rcc.o(i.RCC_APB2PeriphClockCmd)
    i.RCC_GetClocksFreq                      0x08002554   Section        0  stm32f10x_rcc.o(i.RCC_GetClocksFreq)
    i.ResetCounter                           0x080025e4   Section        0  speed.o(i.ResetCounter)
    i.SVC_Handler                            0x08002614   Section        0  stm32f10x_it.o(i.SVC_Handler)
    i.Serial_Printf                          0x08002616   Section        0  usart1.o(i.Serial_Printf)
    i.Serial_SendByte                        0x08002634   Section        0  usart1.o(i.Serial_SendByte)
    i.Serial_SendString                      0x08002654   Section        0  usart1.o(i.Serial_SendString)
    i.SetSysClockTo72                        0x0800266c   Section        0  system_stm32f10x.o(i.SetSysClockTo72)
    SetSysClockTo72                          0x0800266d   Thumb Code   160  system_stm32f10x.o(i.SetSysClockTo72)
    i.SysTick_Handler                        0x08002714   Section        0  stm32f10x_it.o(i.SysTick_Handler)
    i.SystemInit                             0x08002718   Section        0  system_stm32f10x.o(i.SystemInit)
    i.TI1_Config                             0x08002768   Section        0  stm32f10x_tim.o(i.TI1_Config)
    TI1_Config                               0x08002769   Thumb Code    88  stm32f10x_tim.o(i.TI1_Config)
    i.TI2_Config                             0x080027d4   Section        0  stm32f10x_tim.o(i.TI2_Config)
    TI2_Config                               0x080027d5   Thumb Code   102  stm32f10x_tim.o(i.TI2_Config)
    i.TIM2_IRQHandler                        0x08002850   Section        0  speed.o(i.TIM2_IRQHandler)
    i.TIM_ClearITPendingBit                  0x08002890   Section        0  stm32f10x_tim.o(i.TIM_ClearITPendingBit)
    i.TIM_Cmd                                0x08002896   Section        0  stm32f10x_tim.o(i.TIM_Cmd)
    i.TIM_GetITStatus                        0x080028aa   Section        0  stm32f10x_tim.o(i.TIM_GetITStatus)
    i.TIM_ICInit                             0x080028c4   Section        0  stm32f10x_tim.o(i.TIM_ICInit)
    i.TIM_ITConfig                           0x080029f0   Section        0  stm32f10x_tim.o(i.TIM_ITConfig)
    i.TIM_InputCapture_Configuration         0x08002a00   Section        0  speed.o(i.TIM_InputCapture_Configuration)
    i.TIM_SetCounter                         0x08002a5e   Section        0  stm32f10x_tim.o(i.TIM_SetCounter)
    i.TIM_SetIC1Prescaler                    0x08002a62   Section        0  stm32f10x_tim.o(i.TIM_SetIC1Prescaler)
    i.TIM_SetIC2Prescaler                    0x08002a72   Section        0  stm32f10x_tim.o(i.TIM_SetIC2Prescaler)
    i.TIM_SetIC3Prescaler                    0x08002a8a   Section        0  stm32f10x_tim.o(i.TIM_SetIC3Prescaler)
    i.TIM_SetIC4Prescaler                    0x08002a9a   Section        0  stm32f10x_tim.o(i.TIM_SetIC4Prescaler)
    i.TIM_TimeBaseInit                       0x08002ab4   Section        0  stm32f10x_tim.o(i.TIM_TimeBaseInit)
    i.USART1_IRQHandler                      0x08002b50   Section        0  usart1.o(i.USART1_IRQHandler)
    i.USART1_Init                            0x08002b8c   Section        0  usart1.o(i.USART1_Init)
    i.USART_ClearITPendingBit                0x08002c44   Section        0  stm32f10x_usart.o(i.USART_ClearITPendingBit)
    i.USART_Cmd                              0x08002c50   Section        0  stm32f10x_usart.o(i.USART_Cmd)
    i.USART_GetFlagStatus                    0x08002c64   Section        0  stm32f10x_usart.o(i.USART_GetFlagStatus)
    i.USART_GetITStatus                      0x08002c72   Section        0  stm32f10x_usart.o(i.USART_GetITStatus)
    i.USART_ITConfig                         0x08002cb0   Section        0  stm32f10x_usart.o(i.USART_ITConfig)
    i.USART_Init                             0x08002ce0   Section        0  stm32f10x_usart.o(i.USART_Init)
    i.USART_ReceiveData                      0x08002d8c   Section        0  stm32f10x_usart.o(i.USART_ReceiveData)
    i.USART_SendData                         0x08002d94   Section        0  stm32f10x_usart.o(i.USART_SendData)
    i.UsageFault_Handler                     0x08002d9c   Section        0  stm32f10x_it.o(i.UsageFault_Handler)
    i.__ARM_fpclassify                       0x08002d9e   Section        0  fpclassify.o(i.__ARM_fpclassify)
    i._is_digit                              0x08002dc6   Section        0  __printf_wp.o(i._is_digit)
    i.main                                   0x08002dd4   Section        0  main.o(i.main)
    locale$$code                             0x08002e98   Section       44  lc_numeric_c.o(locale$$code)
    locale$$code                             0x08002ec4   Section       44  lc_ctype_c.o(locale$$code)
    x$fpl$printf1                            0x08002ef0   Section        4  printf1.o(x$fpl$printf1)
    x$fpl$printf2                            0x08002ef4   Section        4  printf2.o(x$fpl$printf2)
    .constdata                               0x08002ef8   Section     1520  oled_data.o(.constdata)
    x$fpl$usenofp                            0x08002ef8   Section        0  usenofp.o(x$fpl$usenofp)
    .constdata                               0x080034e8   Section      570  oled_data.o(.constdata)
    .constdata                               0x08003724   Section        8  _printf_wctomb.o(.constdata)
    initial_mbstate                          0x08003724   Data           8  _printf_wctomb.o(.constdata)
    .constdata                               0x0800372c   Section       40  _printf_hex_int_ll_ptr.o(.constdata)
    uc_hextab                                0x0800372c   Data          20  _printf_hex_int_ll_ptr.o(.constdata)
    lc_hextab                                0x08003740   Data          20  _printf_hex_int_ll_ptr.o(.constdata)
    .constdata                               0x08003754   Section       17  __printf_flags_ss_wp.o(.constdata)
    maptable                                 0x08003754   Data          17  __printf_flags_ss_wp.o(.constdata)
    .constdata                               0x08003765   Section       38  _printf_fp_hex.o(.constdata)
    lc_hextab                                0x08003765   Data          19  _printf_fp_hex.o(.constdata)
    uc_hextab                                0x08003778   Data          19  _printf_fp_hex.o(.constdata)
    .constdata                               0x0800378c   Section      148  bigflt0.o(.constdata)
    tenpwrs_x                                0x0800378c   Data          60  bigflt0.o(.constdata)
    tenpwrs_i                                0x080037c8   Data          64  bigflt0.o(.constdata)
    locale$$data                             0x08003840   Section       28  lc_numeric_c.o(locale$$data)
    __lcnum_c_name                           0x08003844   Data           2  lc_numeric_c.o(locale$$data)
    __lcnum_c_start                          0x0800384c   Data           0  lc_numeric_c.o(locale$$data)
    __lcnum_c_point                          0x08003858   Data           0  lc_numeric_c.o(locale$$data)
    __lcnum_c_thousands                      0x0800385a   Data           0  lc_numeric_c.o(locale$$data)
    __lcnum_c_grouping                       0x0800385b   Data           0  lc_numeric_c.o(locale$$data)
    locale$$data                             0x0800385c   Section      272  lc_ctype_c.o(locale$$data)
    __lcnum_c_end                            0x0800385c   Data           0  lc_numeric_c.o(locale$$data)
    __lcctype_c_name                         0x08003860   Data           2  lc_ctype_c.o(locale$$data)
    __lcctype_c_start                        0x08003868   Data           0  lc_ctype_c.o(locale$$data)
    __lcctype_c_end                          0x0800396c   Data           0  lc_ctype_c.o(locale$$data)
    .data                                    0x20000000   Section       20  stm32f10x_rcc.o(.data)
    ADCPrescTable                            0x20000000   Data           4  stm32f10x_rcc.o(.data)
    APBAHBPrescTable                         0x20000004   Data          16  stm32f10x_rcc.o(.data)
    .data                                    0x20000014   Section        4  main.o(.data)
    last_print                               0x20000014   Data           4  main.o(.data)
    .data                                    0x20000018   Section       20  speed.o(.data)
    .data                                    0x2000002c   Section        2  usart1.o(.data)
    .bss                                     0x20000030   Section     1024  oled.o(.bss)
    .bss                                     0x20000430   Section       96  libspace.o(.bss)
    HEAP                                     0x20000490   Section      512  startup_stm32f10x_md.o(HEAP)
    Heap_Mem                                 0x20000490   Data         512  startup_stm32f10x_md.o(HEAP)
    STACK                                    0x20000690   Section     1024  startup_stm32f10x_md.o(STACK)
    Stack_Mem                                0x20000690   Data        1024  startup_stm32f10x_md.o(STACK)
    __initial_sp                             0x20000a90   Data           0  startup_stm32f10x_md.o(STACK)

    Global Symbols

    Symbol Name                              Value     Ov Type        Size  Object(Section)

    BuildAttributes$$THM_ISAv4$P$D$K$B$S$PE$A:L22UL41UL21$X:L11$S22US41US21$IEEE1$IW$USESV6$~STKCKD$USESV7$~SHL$OTIME$ROPI$IEEEX$EBA8$UX$STANDARDLIB$REQ8$PRES8$EABIv2 0x00000000   Number         0  anon$$obj.o ABSOLUTE
    __ARM_use_no_argv                        0x00000000   Number         0  main.o ABSOLUTE
    _printf_flags                            0x00000000   Number         0  printf_stubs.o ABSOLUTE
    _printf_return_value                     0x00000000   Number         0  printf_stubs.o ABSOLUTE
    _printf_sizespec                         0x00000000   Number         0  printf_stubs.o ABSOLUTE
    _printf_widthprec                        0x00000000   Number         0  printf_stubs.o ABSOLUTE
    __ARM_exceptions_init                     - Undefined Weak Reference
    __alloca_initialize                       - Undefined Weak Reference
    __arm_preinit_                            - Undefined Weak Reference
    __cpp_initialize__aeabi_                  - Undefined Weak Reference
    __cxa_finalize                            - Undefined Weak Reference
    __sigvec_lookup                           - Undefined Weak Reference
    _atexit_init                              - Undefined Weak Reference
    _call_atexit_fns                          - Undefined Weak Reference
    _clock_init                               - Undefined Weak Reference
    _fp_trap_init                             - Undefined Weak Reference
    _fp_trap_shutdown                         - Undefined Weak Reference
    _get_lc_collate                           - Undefined Weak Reference
    _get_lc_monetary                          - Undefined Weak Reference
    _get_lc_time                              - Undefined Weak Reference
    _getenv_init                              - Undefined Weak Reference
    _handle_redirection                       - Undefined Weak Reference
    _init_alloc                               - Undefined Weak Reference
    _init_user_alloc                          - Undefined Weak Reference
    _initio                                   - Undefined Weak Reference
    _printf_mbtowc                            - Undefined Weak Reference
    _printf_wc                                - Undefined Weak Reference
    _rand_init                                - Undefined Weak Reference
    _signal_finish                            - Undefined Weak Reference
    _signal_init                              - Undefined Weak Reference
    _terminate_alloc                          - Undefined Weak Reference
    _terminate_user_alloc                     - Undefined Weak Reference
    _terminateio                              - Undefined Weak Reference
    __Vectors_Size                           0x000000ec   Number         0  startup_stm32f10x_md.o ABSOLUTE
    __Vectors                                0x08000000   Data           4  startup_stm32f10x_md.o(RESET)
    __Vectors_End                            0x080000ec   Data           0  startup_stm32f10x_md.o(RESET)
    __main                                   0x080000ed   Thumb Code     8  __main.o(!!!main)
    __scatterload                            0x080000f5   Thumb Code     0  __scatter.o(!!!scatter)
    __scatterload_rt2                        0x080000f5   Thumb Code    44  __scatter.o(!!!scatter)
    __scatterload_rt2_thumb_only             0x080000f5   Thumb Code     0  __scatter.o(!!!scatter)
    __scatterload_null                       0x08000103   Thumb Code     0  __scatter.o(!!!scatter)
    __scatterload_copy                       0x08000129   Thumb Code    26  __scatter_copy.o(!!handler_copy)
    __scatterload_zeroinit                   0x08000145   Thumb Code    28  __scatter_zi.o(!!handler_zi)
    _printf_n                                0x08000161   Thumb Code     0  _printf_n.o(.ARM.Collect$$_printf_percent$$00000001)
    _printf_percent                          0x08000161   Thumb Code     0  _printf_percent.o(.ARM.Collect$$_printf_percent$$00000000)
    _printf_p                                0x08000167   Thumb Code     0  _printf_p.o(.ARM.Collect$$_printf_percent$$00000002)
    _printf_f                                0x0800016d   Thumb Code     0  _printf_f.o(.ARM.Collect$$_printf_percent$$00000003)
    _printf_e                                0x08000173   Thumb Code     0  _printf_e.o(.ARM.Collect$$_printf_percent$$00000004)
    _printf_g                                0x08000179   Thumb Code     0  _printf_g.o(.ARM.Collect$$_printf_percent$$00000005)
    _printf_a                                0x0800017f   Thumb Code     0  _printf_a.o(.ARM.Collect$$_printf_percent$$00000006)
    _printf_ll                               0x08000185   Thumb Code     0  _printf_ll.o(.ARM.Collect$$_printf_percent$$00000007)
    _printf_i                                0x0800018f   Thumb Code     0  _printf_i.o(.ARM.Collect$$_printf_percent$$00000008)
    _printf_d                                0x08000195   Thumb Code     0  _printf_d.o(.ARM.Collect$$_printf_percent$$00000009)
    _printf_u                                0x0800019b   Thumb Code     0  _printf_u.o(.ARM.Collect$$_printf_percent$$0000000A)
    _printf_o                                0x080001a1   Thumb Code     0  _printf_o.o(.ARM.Collect$$_printf_percent$$0000000B)
    _printf_x                                0x080001a7   Thumb Code     0  _printf_x.o(.ARM.Collect$$_printf_percent$$0000000C)
    _printf_lli                              0x080001ad   Thumb Code     0  _printf_lli.o(.ARM.Collect$$_printf_percent$$0000000D)
    _printf_lld                              0x080001b3   Thumb Code     0  _printf_lld.o(.ARM.Collect$$_printf_percent$$0000000E)
    _printf_llu                              0x080001b9   Thumb Code     0  _printf_llu.o(.ARM.Collect$$_printf_percent$$0000000F)
    _printf_llo                              0x080001bf   Thumb Code     0  _printf_llo.o(.ARM.Collect$$_printf_percent$$00000010)
    _printf_llx                              0x080001c5   Thumb Code     0  _printf_llx.o(.ARM.Collect$$_printf_percent$$00000011)
    _printf_l                                0x080001cb   Thumb Code     0  _printf_l.o(.ARM.Collect$$_printf_percent$$00000012)
    _printf_c                                0x080001d5   Thumb Code     0  _printf_c.o(.ARM.Collect$$_printf_percent$$00000013)
    _printf_s                                0x080001db   Thumb Code     0  _printf_s.o(.ARM.Collect$$_printf_percent$$00000014)
    _printf_lc                               0x080001e1   Thumb Code     0  _printf_lc.o(.ARM.Collect$$_printf_percent$$00000015)
    _printf_ls                               0x080001e7   Thumb Code     0  _printf_ls.o(.ARM.Collect$$_printf_percent$$00000016)
    _printf_percent_end                      0x080001ed   Thumb Code     0  _printf_percent_end.o(.ARM.Collect$$_printf_percent$$00000017)
    __rt_lib_init                            0x080001f1   Thumb Code     0  libinit.o(.ARM.Collect$$libinit$$00000000)
    __rt_lib_init_fp_1                       0x080001f3   Thumb Code     0  libinit2.o(.ARM.Collect$$libinit$$00000002)
    __rt_lib_init_heap_1                     0x080001f3   Thumb Code     0  libinit2.o(.ARM.Collect$$libinit$$0000000A)
    __rt_lib_init_lc_common                  0x080001f3   Thumb Code     0  libinit2.o(.ARM.Collect$$libinit$$0000000F)
    __rt_lib_init_preinit_1                  0x080001f3   Thumb Code     0  libinit2.o(.ARM.Collect$$libinit$$00000004)
    __rt_lib_init_rand_1                     0x080001f3   Thumb Code     0  libinit2.o(.ARM.Collect$$libinit$$0000000E)
    __rt_lib_init_user_alloc_1               0x080001f3   Thumb Code     0  libinit2.o(.ARM.Collect$$libinit$$0000000C)
    __rt_lib_init_lc_collate_1               0x080001f9   Thumb Code     0  libinit2.o(.ARM.Collect$$libinit$$00000011)
    __rt_lib_init_lc_ctype_2                 0x080001f9   Thumb Code     0  libinit2.o(.ARM.Collect$$libinit$$00000012)
    __rt_lib_init_lc_ctype_1                 0x08000205   Thumb Code     0  libinit2.o(.ARM.Collect$$libinit$$00000013)
    __rt_lib_init_lc_monetary_1              0x08000205   Thumb Code     0  libinit2.o(.ARM.Collect$$libinit$$00000015)
    __rt_lib_init_lc_numeric_2               0x08000205   Thumb Code     0  libinit2.o(.ARM.Collect$$libinit$$00000016)
    __rt_lib_init_alloca_1                   0x0800020f   Thumb Code     0  libinit2.o(.ARM.Collect$$libinit$$0000002E)
    __rt_lib_init_argv_1                     0x0800020f   Thumb Code     0  libinit2.o(.ARM.Collect$$libinit$$0000002C)
    __rt_lib_init_atexit_1                   0x0800020f   Thumb Code     0  libinit2.o(.ARM.Collect$$libinit$$0000001B)
    __rt_lib_init_clock_1                    0x0800020f   Thumb Code     0  libinit2.o(.ARM.Collect$$libinit$$00000021)
    __rt_lib_init_cpp_1                      0x0800020f   Thumb Code     0  libinit2.o(.ARM.Collect$$libinit$$00000032)
    __rt_lib_init_exceptions_1               0x0800020f   Thumb Code     0  libinit2.o(.ARM.Collect$$libinit$$00000030)
    __rt_lib_init_fp_trap_1                  0x0800020f   Thumb Code     0  libinit2.o(.ARM.Collect$$libinit$$0000001F)
    __rt_lib_init_getenv_1                   0x0800020f   Thumb Code     0  libinit2.o(.ARM.Collect$$libinit$$00000023)
    __rt_lib_init_lc_numeric_1               0x0800020f   Thumb Code     0  libinit2.o(.ARM.Collect$$libinit$$00000017)
    __rt_lib_init_lc_time_1                  0x0800020f   Thumb Code     0  libinit2.o(.ARM.Collect$$libinit$$00000019)
    __rt_lib_init_return                     0x0800020f   Thumb Code     0  libinit2.o(.ARM.Collect$$libinit$$00000033)
    __rt_lib_init_signal_1                   0x0800020f   Thumb Code     0  libinit2.o(.ARM.Collect$$libinit$$0000001D)
    __rt_lib_init_stdio_1                    0x0800020f   Thumb Code     0  libinit2.o(.ARM.Collect$$libinit$$00000025)
    __rt_lib_shutdown                        0x08000211   Thumb Code     0  libshutdown.o(.ARM.Collect$$libshutdown$$00000000)
    __rt_lib_shutdown_cpp_1                  0x08000213   Thumb Code     0  libshutdown2.o(.ARM.Collect$$libshutdown$$00000002)
    __rt_lib_shutdown_fp_trap_1              0x08000213   Thumb Code     0  libshutdown2.o(.ARM.Collect$$libshutdown$$00000007)
    __rt_lib_shutdown_heap_1                 0x08000213   Thumb Code     0  libshutdown2.o(.ARM.Collect$$libshutdown$$0000000F)
    __rt_lib_shutdown_return                 0x08000213   Thumb Code     0  libshutdown2.o(.ARM.Collect$$libshutdown$$00000010)
    __rt_lib_shutdown_signal_1               0x08000213   Thumb Code     0  libshutdown2.o(.ARM.Collect$$libshutdown$$0000000A)
    __rt_lib_shutdown_stdio_1                0x08000213   Thumb Code     0  libshutdown2.o(.ARM.Collect$$libshutdown$$00000004)
    __rt_lib_shutdown_user_alloc_1           0x08000213   Thumb Code     0  libshutdown2.o(.ARM.Collect$$libshutdown$$0000000C)
    __rt_entry                               0x08000215   Thumb Code     0  __rtentry.o(.ARM.Collect$$rtentry$$00000000)
    __rt_entry_presh_1                       0x08000215   Thumb Code     0  __rtentry2.o(.ARM.Collect$$rtentry$$00000002)
    __rt_entry_sh                            0x08000215   Thumb Code     0  __rtentry4.o(.ARM.Collect$$rtentry$$00000004)
    __rt_entry_li                            0x0800021b   Thumb Code     0  __rtentry2.o(.ARM.Collect$$rtentry$$0000000A)
    __rt_entry_postsh_1                      0x0800021b   Thumb Code     0  __rtentry2.o(.ARM.Collect$$rtentry$$00000009)
    __rt_entry_main                          0x0800021f   Thumb Code     0  __rtentry2.o(.ARM.Collect$$rtentry$$0000000D)
    __rt_entry_postli_1                      0x0800021f   Thumb Code     0  __rtentry2.o(.ARM.Collect$$rtentry$$0000000C)
    __rt_exit                                0x08000227   Thumb Code     0  rtexit.o(.ARM.Collect$$rtexit$$00000000)
    __rt_exit_ls                             0x08000229   Thumb Code     0  rtexit2.o(.ARM.Collect$$rtexit$$00000003)
    __rt_exit_prels_1                        0x08000229   Thumb Code     0  rtexit2.o(.ARM.Collect$$rtexit$$00000002)
    __rt_exit_exit                           0x0800022d   Thumb Code     0  rtexit2.o(.ARM.Collect$$rtexit$$00000004)
    Reset_Handler                            0x08000235   Thumb Code     8  startup_stm32f10x_md.o(.text)
    ADC1_2_IRQHandler                        0x0800024f   Thumb Code     0  startup_stm32f10x_md.o(.text)
    CAN1_RX1_IRQHandler                      0x0800024f   Thumb Code     0  startup_stm32f10x_md.o(.text)
    CAN1_SCE_IRQHandler                      0x0800024f   Thumb Code     0  startup_stm32f10x_md.o(.text)
    DMA1_Channel1_IRQHandler                 0x0800024f   Thumb Code     0  startup_stm32f10x_md.o(.text)
    DMA1_Channel2_IRQHandler                 0x0800024f   Thumb Code     0  startup_stm32f10x_md.o(.text)
    DMA1_Channel3_IRQHandler                 0x0800024f   Thumb Code     0  startup_stm32f10x_md.o(.text)
    DMA1_Channel4_IRQHandler                 0x0800024f   Thumb Code     0  startup_stm32f10x_md.o(.text)
    DMA1_Channel5_IRQHandler                 0x0800024f   Thumb Code     0  startup_stm32f10x_md.o(.text)
    DMA1_Channel6_IRQHandler                 0x0800024f   Thumb Code     0  startup_stm32f10x_md.o(.text)
    DMA1_Channel7_IRQHandler                 0x0800024f   Thumb Code     0  startup_stm32f10x_md.o(.text)
    EXTI0_IRQHandler                         0x0800024f   Thumb Code     0  startup_stm32f10x_md.o(.text)
    EXTI15_10_IRQHandler                     0x0800024f   Thumb Code     0  startup_stm32f10x_md.o(.text)
    EXTI1_IRQHandler                         0x0800024f   Thumb Code     0  startup_stm32f10x_md.o(.text)
    EXTI2_IRQHandler                         0x0800024f   Thumb Code     0  startup_stm32f10x_md.o(.text)
    EXTI3_IRQHandler                         0x0800024f   Thumb Code     0  startup_stm32f10x_md.o(.text)
    EXTI4_IRQHandler                         0x0800024f   Thumb Code     0  startup_stm32f10x_md.o(.text)
    EXTI9_5_IRQHandler                       0x0800024f   Thumb Code     0  startup_stm32f10x_md.o(.text)
    FLASH_IRQHandler                         0x0800024f   Thumb Code     0  startup_stm32f10x_md.o(.text)
    I2C1_ER_IRQHandler                       0x0800024f   Thumb Code     0  startup_stm32f10x_md.o(.text)
    I2C1_EV_IRQHandler                       0x0800024f   Thumb Code     0  startup_stm32f10x_md.o(.text)
    I2C2_ER_IRQHandler                       0x0800024f   Thumb Code     0  startup_stm32f10x_md.o(.text)
    I2C2_EV_IRQHandler                       0x0800024f   Thumb Code     0  startup_stm32f10x_md.o(.text)
    PVD_IRQHandler                           0x0800024f   Thumb Code     0  startup_stm32f10x_md.o(.text)
    RCC_IRQHandler                           0x0800024f   Thumb Code     0  startup_stm32f10x_md.o(.text)
    RTCAlarm_IRQHandler                      0x0800024f   Thumb Code     0  startup_stm32f10x_md.o(.text)
    RTC_IRQHandler                           0x0800024f   Thumb Code     0  startup_stm32f10x_md.o(.text)
    SPI1_IRQHandler                          0x0800024f   Thumb Code     0  startup_stm32f10x_md.o(.text)
    SPI2_IRQHandler                          0x0800024f   Thumb Code     0  startup_stm32f10x_md.o(.text)
    TAMPER_IRQHandler                        0x0800024f   Thumb Code     0  startup_stm32f10x_md.o(.text)
    TIM1_BRK_IRQHandler                      0x0800024f   Thumb Code     0  startup_stm32f10x_md.o(.text)
    TIM1_CC_IRQHandler                       0x0800024f   Thumb Code     0  startup_stm32f10x_md.o(.text)
    TIM1_TRG_COM_IRQHandler                  0x0800024f   Thumb Code     0  startup_stm32f10x_md.o(.text)
    TIM1_UP_IRQHandler                       0x0800024f   Thumb Code     0  startup_stm32f10x_md.o(.text)
    TIM3_IRQHandler                          0x0800024f   Thumb Code     0  startup_stm32f10x_md.o(.text)
    TIM4_IRQHandler                          0x0800024f   Thumb Code     0  startup_stm32f10x_md.o(.text)
    USART2_IRQHandler                        0x0800024f   Thumb Code     0  startup_stm32f10x_md.o(.text)
    USART3_IRQHandler                        0x0800024f   Thumb Code     0  startup_stm32f10x_md.o(.text)
    USBWakeUp_IRQHandler                     0x0800024f   Thumb Code     0  startup_stm32f10x_md.o(.text)
    USB_HP_CAN1_TX_IRQHandler                0x0800024f   Thumb Code     0  startup_stm32f10x_md.o(.text)
    USB_LP_CAN1_RX0_IRQHandler               0x0800024f   Thumb Code     0  startup_stm32f10x_md.o(.text)
    WWDG_IRQHandler                          0x0800024f   Thumb Code     0  startup_stm32f10x_md.o(.text)
    __user_initial_stackheap                 0x08000251   Thumb Code     0  startup_stm32f10x_md.o(.text)
    vsprintf                                 0x08000275   Thumb Code    32  vsprintf.o(.text)
    strcmp                                   0x08000299   Thumb Code   128  strcmpv7m.o(.text)
    __use_two_region_memory                  0x08000319   Thumb Code     2  heapauxi.o(.text)
    __rt_heap_escrow$2region                 0x0800031b   Thumb Code     2  heapauxi.o(.text)
    __rt_heap_expand$2region                 0x0800031d   Thumb Code     2  heapauxi.o(.text)
    _printf_pre_padding                      0x0800031f   Thumb Code    44  _printf_pad.o(.text)
    _printf_post_padding                     0x0800034b   Thumb Code    34  _printf_pad.o(.text)
    _printf_truncate_signed                  0x0800036d   Thumb Code    18  _printf_truncate.o(.text)
    _printf_truncate_unsigned                0x0800037f   Thumb Code    18  _printf_truncate.o(.text)
    _printf_str                              0x08000391   Thumb Code    82  _printf_str.o(.text)
    _printf_int_dec                          0x080003e5   Thumb Code   104  _printf_dec.o(.text)
    _printf_charcount                        0x0800045d   Thumb Code    40  _printf_charcount.o(.text)
    _printf_char_common                      0x0800048f   Thumb Code    32  _printf_char_common.o(.text)
    _sputc                                   0x080004b5   Thumb Code    10  _sputc.o(.text)
    _printf_wctomb                           0x080004c1   Thumb Code   182  _printf_wctomb.o(.text)
    _printf_longlong_dec                     0x0800057d   Thumb Code   108  _printf_longlong_dec.o(.text)
    _printf_longlong_oct                     0x080005f9   Thumb Code    66  _printf_oct_int_ll.o(.text)
    _printf_int_oct                          0x0800063b   Thumb Code    24  _printf_oct_int_ll.o(.text)
    _printf_ll_oct                           0x08000653   Thumb Code    12  _printf_oct_int_ll.o(.text)
    _printf_longlong_hex                     0x08000669   Thumb Code    86  _printf_hex_int_ll_ptr.o(.text)
    _printf_int_hex                          0x080006bf   Thumb Code    28  _printf_hex_int_ll_ptr.o(.text)
    _printf_ll_hex                           0x080006db   Thumb Code    12  _printf_hex_int_ll_ptr.o(.text)
    _printf_hex_ptr                          0x080006e7   Thumb Code    18  _printf_hex_int_ll_ptr.o(.text)
    __printf                                 0x080006fd   Thumb Code   388  __printf_flags_ss_wp.o(.text)
    _ll_udiv10                               0x08000885   Thumb Code   138  lludiv10.o(.text)
    _printf_int_common                       0x0800090f   Thumb Code   178  _printf_intcommon.o(.text)
    __lib_sel_fp_printf                      0x080009c1   Thumb Code     2  _printf_fp_dec.o(.text)
    _printf_fp_dec_real                      0x08000b73   Thumb Code   620  _printf_fp_dec.o(.text)
    _printf_fp_hex_real                      0x08000de1   Thumb Code   756  _printf_fp_hex.o(.text)
    _printf_cs_common                        0x080010dd   Thumb Code    20  _printf_char.o(.text)
    _printf_char                             0x080010f1   Thumb Code    16  _printf_char.o(.text)
    _printf_string                           0x08001101   Thumb Code     8  _printf_char.o(.text)
    _printf_lcs_common                       0x08001109   Thumb Code    20  _printf_wchar.o(.text)
    _printf_wchar                            0x0800111d   Thumb Code    16  _printf_wchar.o(.text)
    _printf_wstring                          0x0800112d   Thumb Code     8  _printf_wchar.o(.text)
    _wcrtomb                                 0x08001135   Thumb Code    64  _wcrtomb.o(.text)
    __user_libspace                          0x08001175   Thumb Code     8  libspace.o(.text)
    __user_perproc_libspace                  0x08001175   Thumb Code     0  libspace.o(.text)
    __user_perthread_libspace                0x08001175   Thumb Code     0  libspace.o(.text)
    __user_setup_stackheap                   0x0800117d   Thumb Code    74  sys_stackheap_outer.o(.text)
    __rt_ctype_table                         0x080011c9   Thumb Code    16  rt_ctype_table.o(.text)
    __rt_locale                              0x080011d9   Thumb Code     8  rt_locale_intlibspace.o(.text)
    _printf_fp_infnan                        0x080011e1   Thumb Code   112  _printf_fp_infnan.o(.text)
    _btod_etento                             0x08001261   Thumb Code   224  bigflt0.o(.text)
    exit                                     0x08001345   Thumb Code    18  exit.o(.text)
    _sys_exit                                0x08001359   Thumb Code     8  sys_exit.o(.text)
    __I$use$semihosting                      0x08001365   Thumb Code     0  use_no_semi.o(.text)
    __use_no_semihosting_swi                 0x08001365   Thumb Code     2  use_no_semi.o(.text)
    __semihosting_library_function           0x08001367   Thumb Code     0  indicate_semi.o(.text)
    _btod_d2e                                0x08001367   Thumb Code    62  btod.o(CL$$btod_d2e)
    _d2e_denorm_low                          0x080013a5   Thumb Code    70  btod.o(CL$$btod_d2e_denorm_low)
    _d2e_norm_op1                            0x080013eb   Thumb Code    96  btod.o(CL$$btod_d2e_norm_op1)
    __btod_div_common                        0x0800144b   Thumb Code   696  btod.o(CL$$btod_div_common)
    _e2e                                     0x08001783   Thumb Code   220  btod.o(CL$$btod_e2e)
    _btod_ediv                               0x0800185f   Thumb Code    42  btod.o(CL$$btod_ediv)
    _btod_emul                               0x08001889   Thumb Code    42  btod.o(CL$$btod_emul)
    __btod_mult_common                       0x080018b3   Thumb Code   580  btod.o(CL$$btod_mult_common)
    Begin_counting_control_init              0x08001af9   Thumb Code    30  speed.o(i.Begin_counting_control_init)
    BusFault_Handler                         0x08001b1d   Thumb Code     2  stm32f10x_it.o(i.BusFault_Handler)
    DebugMon_Handler                         0x08001b1f   Thumb Code     2  stm32f10x_it.o(i.DebugMon_Handler)
    Delay_ms                                 0x08001b21   Thumb Code    22  delay.o(i.Delay_ms)
    Delay_us                                 0x08001b37   Thumb Code    32  delay.o(i.Delay_us)
    DetectChip                               0x08001b59   Thumb Code    18  speed.o(i.DetectChip)
    Display_message                          0x08001b71   Thumb Code   158  speed.o(i.Display_message)
    GPIO_Configuration                       0x08001c3d   Thumb Code   118  speed.o(i.GPIO_Configuration)
    GPIO_Init                                0x08001cbd   Thumb Code   162  stm32f10x_gpio.o(i.GPIO_Init)
    GPIO_PinRemapConfig                      0x08001d61   Thumb Code    82  stm32f10x_gpio.o(i.GPIO_PinRemapConfig)
    GPIO_ReadInputDataBit                    0x08001db9   Thumb Code    14  stm32f10x_gpio.o(i.GPIO_ReadInputDataBit)
    GPIO_WriteBit                            0x08001dc7   Thumb Code    10  stm32f10x_gpio.o(i.GPIO_WriteBit)
    HandleError                              0x08001dd1   Thumb Code    68  speed.o(i.HandleError)
    HardFault_Handler                        0x08001e45   Thumb Code     2  stm32f10x_it.o(i.HardFault_Handler)
    MemManage_Handler                        0x08001e47   Thumb Code     2  stm32f10x_it.o(i.MemManage_Handler)
    NMI_Handler                              0x08001e49   Thumb Code     2  stm32f10x_it.o(i.NMI_Handler)
    NVIC_Configuration                       0x08001e4b   Thumb Code    40  speed.o(i.NVIC_Configuration)
    NVIC_Init                                0x08001e75   Thumb Code    94  misc.o(i.NVIC_Init)
    NVIC_PriorityGroupConfig                 0x08001ed9   Thumb Code    10  misc.o(i.NVIC_PriorityGroupConfig)
    OLED_Clear                               0x08001eed   Thumb Code    34  oled.o(i.OLED_Clear)
    OLED_ClearArea                           0x08001f15   Thumb Code    86  oled.o(i.OLED_ClearArea)
    OLED_GPIO_Init                           0x08001f71   Thumb Code    88  oled.o(i.OLED_GPIO_Init)
    OLED_I2C_SendByte                        0x08001fcd   Thumb Code    58  oled.o(i.OLED_I2C_SendByte)
    OLED_I2C_Start                           0x08002007   Thumb Code    30  oled.o(i.OLED_I2C_Start)
    OLED_I2C_Stop                            0x08002025   Thumb Code    24  oled.o(i.OLED_I2C_Stop)
    OLED_Init                                0x0800203d   Thumb Code   156  oled.o(i.OLED_Init)
    OLED_Pow                                 0x080020d9   Thumb Code    14  oled.o(i.OLED_Pow)
    OLED_SetCursor                           0x080020e7   Thumb Code    34  oled.o(i.OLED_SetCursor)
    OLED_ShowChar                            0x08002109   Thumb Code    52  oled.o(i.OLED_ShowChar)
    OLED_ShowImage                           0x08002145   Thumb Code   182  oled.o(i.OLED_ShowImage)
    OLED_ShowNum                             0x08002201   Thumb Code    70  oled.o(i.OLED_ShowNum)
    OLED_ShowString                          0x08002247   Thumb Code    44  oled.o(i.OLED_ShowString)
    OLED_Update                              0x08002275   Thumb Code    34  oled.o(i.OLED_Update)
    OLED_W_SCL                               0x0800229d   Thumb Code    12  oled.o(i.OLED_W_SCL)
    OLED_W_SDA                               0x080022ad   Thumb Code    12  oled.o(i.OLED_W_SDA)
    OLED_WriteCommand                        0x080022bd   Thumb Code    34  oled.o(i.OLED_WriteCommand)
    OLED_WriteData                           0x080022df   Thumb Code    48  oled.o(i.OLED_WriteData)
    PendSV_Handler                           0x0800230f   Thumb Code     2  stm32f10x_it.o(i.PendSV_Handler)
    PrintStatistics                          0x08002311   Thumb Code   100  speed.o(i.PrintStatistics)
    ProcessChipDetection                     0x0800246d   Thumb Code   152  speed.o(i.ProcessChipDetection)
    RCC_APB1PeriphClockCmd                   0x08002525   Thumb Code    18  stm32f10x_rcc.o(i.RCC_APB1PeriphClockCmd)
    RCC_APB2PeriphClockCmd                   0x0800253d   Thumb Code    18  stm32f10x_rcc.o(i.RCC_APB2PeriphClockCmd)
    RCC_GetClocksFreq                        0x08002555   Thumb Code   128  stm32f10x_rcc.o(i.RCC_GetClocksFreq)
    ResetCounter                             0x080025e5   Thumb Code    44  speed.o(i.ResetCounter)
    SVC_Handler                              0x08002615   Thumb Code     2  stm32f10x_it.o(i.SVC_Handler)
    Serial_Printf                            0x08002617   Thumb Code    28  usart1.o(i.Serial_Printf)
    Serial_SendByte                          0x08002635   Thumb Code    26  usart1.o(i.Serial_SendByte)
    Serial_SendString                        0x08002655   Thumb Code    24  usart1.o(i.Serial_SendString)
    SysTick_Handler                          0x08002715   Thumb Code     2  stm32f10x_it.o(i.SysTick_Handler)
    SystemInit                               0x08002719   Thumb Code    64  system_stm32f10x.o(i.SystemInit)
    TIM2_IRQHandler                          0x08002851   Thumb Code    56  speed.o(i.TIM2_IRQHandler)
    TIM_ClearITPendingBit                    0x08002891   Thumb Code     6  stm32f10x_tim.o(i.TIM_ClearITPendingBit)
    TIM_Cmd                                  0x08002897   Thumb Code    20  stm32f10x_tim.o(i.TIM_Cmd)
    TIM_GetITStatus                          0x080028ab   Thumb Code    24  stm32f10x_tim.o(i.TIM_GetITStatus)
    TIM_ICInit                               0x080028c5   Thumb Code   280  stm32f10x_tim.o(i.TIM_ICInit)
    TIM_ITConfig                             0x080029f1   Thumb Code    16  stm32f10x_tim.o(i.TIM_ITConfig)
    TIM_InputCapture_Configuration           0x08002a01   Thumb Code    94  speed.o(i.TIM_InputCapture_Configuration)
    TIM_SetCounter                           0x08002a5f   Thumb Code     4  stm32f10x_tim.o(i.TIM_SetCounter)
    TIM_SetIC1Prescaler                      0x08002a63   Thumb Code    16  stm32f10x_tim.o(i.TIM_SetIC1Prescaler)
    TIM_SetIC2Prescaler                      0x08002a73   Thumb Code    24  stm32f10x_tim.o(i.TIM_SetIC2Prescaler)
    TIM_SetIC3Prescaler                      0x08002a8b   Thumb Code    16  stm32f10x_tim.o(i.TIM_SetIC3Prescaler)
    TIM_SetIC4Prescaler                      0x08002a9b   Thumb Code    24  stm32f10x_tim.o(i.TIM_SetIC4Prescaler)
    TIM_TimeBaseInit                         0x08002ab5   Thumb Code   114  stm32f10x_tim.o(i.TIM_TimeBaseInit)
    USART1_IRQHandler                        0x08002b51   Thumb Code    50  usart1.o(i.USART1_IRQHandler)
    USART1_Init                              0x08002b8d   Thumb Code   176  usart1.o(i.USART1_Init)
    USART_ClearITPendingBit                  0x08002c45   Thumb Code    12  stm32f10x_usart.o(i.USART_ClearITPendingBit)
    USART_Cmd                                0x08002c51   Thumb Code    20  stm32f10x_usart.o(i.USART_Cmd)
    USART_GetFlagStatus                      0x08002c65   Thumb Code    14  stm32f10x_usart.o(i.USART_GetFlagStatus)
    USART_GetITStatus                        0x08002c73   Thumb Code    62  stm32f10x_usart.o(i.USART_GetITStatus)
    USART_ITConfig                           0x08002cb1   Thumb Code    48  stm32f10x_usart.o(i.USART_ITConfig)
    USART_Init                               0x08002ce1   Thumb Code   166  stm32f10x_usart.o(i.USART_Init)
    USART_ReceiveData                        0x08002d8d   Thumb Code     8  stm32f10x_usart.o(i.USART_ReceiveData)
    USART_SendData                           0x08002d95   Thumb Code     8  stm32f10x_usart.o(i.USART_SendData)
    UsageFault_Handler                       0x08002d9d   Thumb Code     2  stm32f10x_it.o(i.UsageFault_Handler)
    __ARM_fpclassify                         0x08002d9f   Thumb Code    40  fpclassify.o(i.__ARM_fpclassify)
    _is_digit                                0x08002dc7   Thumb Code    14  __printf_wp.o(i._is_digit)
    main                                     0x08002dd5   Thumb Code   150  main.o(i.main)
    _get_lc_numeric                          0x08002e99   Thumb Code    44  lc_numeric_c.o(locale$$code)
    _get_lc_ctype                            0x08002ec5   Thumb Code    44  lc_ctype_c.o(locale$$code)
    _printf_fp_dec                           0x08002ef1   Thumb Code     4  printf1.o(x$fpl$printf1)
    _printf_fp_hex                           0x08002ef5   Thumb Code     4  printf2.o(x$fpl$printf2)
    OLED_F8x16                               0x08002ef8   Data        1520  oled_data.o(.constdata)
    __I$use$fp                               0x08002ef8   Number         0  usenofp.o(x$fpl$usenofp)
    OLED_F6x8                                0x080034e8   Data         570  oled_data.o(.constdata)
    Region$$Table$$Base                      0x08003820   Number         0  anon$$obj.o(Region$$Table)
    Region$$Table$$Limit                     0x08003840   Number         0  anon$$obj.o(Region$$Table)
    __ctype                                  0x08003869   Data           0  lc_ctype_c.o(locale$$data)
    consecutive_empty                        0x20000018   Data           1  speed.o(.data)
    middle_empty                             0x20000019   Data           1  speed.o(.data)
    chip_detection_pending                   0x2000001a   Data           1  speed.o(.data)
    current_state                            0x2000001b   Data           1  speed.o(.data)
    hole_count                               0x2000001c   Data           4  speed.o(.data)
    lead_empty_count                         0x20000020   Data           4  speed.o(.data)
    chips_count                              0x20000024   Data           4  speed.o(.data)
    trail_empty_count                        0x20000028   Data           4  speed.o(.data)
    Serial_RxData                            0x2000002c   Data           1  usart1.o(.data)
    Serial_RxFlag                            0x2000002d   Data           1  usart1.o(.data)
    OLED_DisplayBuf                          0x20000030   Data        1024  oled.o(.bss)
    __libspace_start                         0x20000430   Data          96  libspace.o(.bss)
    __temporary_stack_top$libspace           0x20000490   Data           0  libspace.o(.bss)



==============================================================================

Memory Map of the image

  Image Entry point : 0x080000ed

  Load Region LR_IROM1 (Base: 0x08000000, Size: 0x0000399c, Max: 0x00010000, ABSOLUTE)

    Execution Region ER_IROM1 (Exec base: 0x08000000, Load base: 0x08000000, Size: 0x0000396c, Max: 0x00010000, ABSOLUTE)

    Exec Addr    Load Addr    Size         Type   Attr      Idx    E Section Name        Object

    0x08000000   0x08000000   0x000000ec   Data   RO         3183    RESET               startup_stm32f10x_md.o
    0x080000ec   0x080000ec   0x00000008   Code   RO         3800  * !!!main             c_w.l(__main.o)
    0x080000f4   0x080000f4   0x00000034   Code   RO         4227    !!!scatter          c_w.l(__scatter.o)
    0x08000128   0x08000128   0x0000001a   Code   RO         4229    !!handler_copy      c_w.l(__scatter_copy.o)
    0x08000142   0x08000142   0x00000002   PAD
    0x08000144   0x08000144   0x0000001c   Code   RO         4231    !!handler_zi        c_w.l(__scatter_zi.o)
    0x08000160   0x08000160   0x00000000   Code   RO         3940    .ARM.Collect$$_printf_percent$$00000000  c_w.l(_printf_percent.o)
    0x08000160   0x08000160   0x00000006   Code   RO         3929    .ARM.Collect$$_printf_percent$$00000001  c_w.l(_printf_n.o)
    0x08000166   0x08000166   0x00000006   Code   RO         3931    .ARM.Collect$$_printf_percent$$00000002  c_w.l(_printf_p.o)
    0x0800016c   0x0800016c   0x00000006   Code   RO         3936    .ARM.Collect$$_printf_percent$$00000003  c_w.l(_printf_f.o)
    0x08000172   0x08000172   0x00000006   Code   RO         3937    .ARM.Collect$$_printf_percent$$00000004  c_w.l(_printf_e.o)
    0x08000178   0x08000178   0x00000006   Code   RO         3938    .ARM.Collect$$_printf_percent$$00000005  c_w.l(_printf_g.o)
    0x0800017e   0x0800017e   0x00000006   Code   RO         3939    .ARM.Collect$$_printf_percent$$00000006  c_w.l(_printf_a.o)
    0x08000184   0x08000184   0x0000000a   Code   RO         3944    .ARM.Collect$$_printf_percent$$00000007  c_w.l(_printf_ll.o)
    0x0800018e   0x0800018e   0x00000006   Code   RO         3933    .ARM.Collect$$_printf_percent$$00000008  c_w.l(_printf_i.o)
    0x08000194   0x08000194   0x00000006   Code   RO         3934    .ARM.Collect$$_printf_percent$$00000009  c_w.l(_printf_d.o)
    0x0800019a   0x0800019a   0x00000006   Code   RO         3935    .ARM.Collect$$_printf_percent$$0000000A  c_w.l(_printf_u.o)
    0x080001a0   0x080001a0   0x00000006   Code   RO         3932    .ARM.Collect$$_printf_percent$$0000000B  c_w.l(_printf_o.o)
    0x080001a6   0x080001a6   0x00000006   Code   RO         3930    .ARM.Collect$$_printf_percent$$0000000C  c_w.l(_printf_x.o)
    0x080001ac   0x080001ac   0x00000006   Code   RO         3941    .ARM.Collect$$_printf_percent$$0000000D  c_w.l(_printf_lli.o)
    0x080001b2   0x080001b2   0x00000006   Code   RO         3942    .ARM.Collect$$_printf_percent$$0000000E  c_w.l(_printf_lld.o)
    0x080001b8   0x080001b8   0x00000006   Code   RO         3943    .ARM.Collect$$_printf_percent$$0000000F  c_w.l(_printf_llu.o)
    0x080001be   0x080001be   0x00000006   Code   RO         3948    .ARM.Collect$$_printf_percent$$00000010  c_w.l(_printf_llo.o)
    0x080001c4   0x080001c4   0x00000006   Code   RO         3949    .ARM.Collect$$_printf_percent$$00000011  c_w.l(_printf_llx.o)
    0x080001ca   0x080001ca   0x0000000a   Code   RO         3945    .ARM.Collect$$_printf_percent$$00000012  c_w.l(_printf_l.o)
    0x080001d4   0x080001d4   0x00000006   Code   RO         3927    .ARM.Collect$$_printf_percent$$00000013  c_w.l(_printf_c.o)
    0x080001da   0x080001da   0x00000006   Code   RO         3928    .ARM.Collect$$_printf_percent$$00000014  c_w.l(_printf_s.o)
    0x080001e0   0x080001e0   0x00000006   Code   RO         3946    .ARM.Collect$$_printf_percent$$00000015  c_w.l(_printf_lc.o)
    0x080001e6   0x080001e6   0x00000006   Code   RO         3947    .ARM.Collect$$_printf_percent$$00000016  c_w.l(_printf_ls.o)
    0x080001ec   0x080001ec   0x00000004   Code   RO         4031    .ARM.Collect$$_printf_percent$$00000017  c_w.l(_printf_percent_end.o)
    0x080001f0   0x080001f0   0x00000002   Code   RO         4089    .ARM.Collect$$libinit$$00000000  c_w.l(libinit.o)
    0x080001f2   0x080001f2   0x00000000   Code   RO         4100    .ARM.Collect$$libinit$$00000002  c_w.l(libinit2.o)
    0x080001f2   0x080001f2   0x00000000   Code   RO         4102    .ARM.Collect$$libinit$$00000004  c_w.l(libinit2.o)
    0x080001f2   0x080001f2   0x00000000   Code   RO         4105    .ARM.Collect$$libinit$$0000000A  c_w.l(libinit2.o)
    0x080001f2   0x080001f2   0x00000000   Code   RO         4107    .ARM.Collect$$libinit$$0000000C  c_w.l(libinit2.o)
    0x080001f2   0x080001f2   0x00000000   Code   RO         4109    .ARM.Collect$$libinit$$0000000E  c_w.l(libinit2.o)
    0x080001f2   0x080001f2   0x00000006   Code   RO         4110    .ARM.Collect$$libinit$$0000000F  c_w.l(libinit2.o)
    0x080001f8   0x080001f8   0x00000000   Code   RO         4112    .ARM.Collect$$libinit$$00000011  c_w.l(libinit2.o)
    0x080001f8   0x080001f8   0x0000000c   Code   RO         4113    .ARM.Collect$$libinit$$00000012  c_w.l(libinit2.o)
    0x08000204   0x08000204   0x00000000   Code   RO         4114    .ARM.Collect$$libinit$$00000013  c_w.l(libinit2.o)
    0x08000204   0x08000204   0x00000000   Code   RO         4116    .ARM.Collect$$libinit$$00000015  c_w.l(libinit2.o)
    0x08000204   0x08000204   0x0000000a   Code   RO         4117    .ARM.Collect$$libinit$$00000016  c_w.l(libinit2.o)
    0x0800020e   0x0800020e   0x00000000   Code   RO         4118    .ARM.Collect$$libinit$$00000017  c_w.l(libinit2.o)
    0x0800020e   0x0800020e   0x00000000   Code   RO         4120    .ARM.Collect$$libinit$$00000019  c_w.l(libinit2.o)
    0x0800020e   0x0800020e   0x00000000   Code   RO         4122    .ARM.Collect$$libinit$$0000001B  c_w.l(libinit2.o)
    0x0800020e   0x0800020e   0x00000000   Code   RO         4124    .ARM.Collect$$libinit$$0000001D  c_w.l(libinit2.o)
    0x0800020e   0x0800020e   0x00000000   Code   RO         4126    .ARM.Collect$$libinit$$0000001F  c_w.l(libinit2.o)
    0x0800020e   0x0800020e   0x00000000   Code   RO         4128    .ARM.Collect$$libinit$$00000021  c_w.l(libinit2.o)
    0x0800020e   0x0800020e   0x00000000   Code   RO         4130    .ARM.Collect$$libinit$$00000023  c_w.l(libinit2.o)
    0x0800020e   0x0800020e   0x00000000   Code   RO         4132    .ARM.Collect$$libinit$$00000025  c_w.l(libinit2.o)
    0x0800020e   0x0800020e   0x00000000   Code   RO         4136    .ARM.Collect$$libinit$$0000002C  c_w.l(libinit2.o)
    0x0800020e   0x0800020e   0x00000000   Code   RO         4138    .ARM.Collect$$libinit$$0000002E  c_w.l(libinit2.o)
    0x0800020e   0x0800020e   0x00000000   Code   RO         4140    .ARM.Collect$$libinit$$00000030  c_w.l(libinit2.o)
    0x0800020e   0x0800020e   0x00000000   Code   RO         4142    .ARM.Collect$$libinit$$00000032  c_w.l(libinit2.o)
    0x0800020e   0x0800020e   0x00000002   Code   RO         4143    .ARM.Collect$$libinit$$00000033  c_w.l(libinit2.o)
    0x08000210   0x08000210   0x00000002   Code   RO         4167    .ARM.Collect$$libshutdown$$00000000  c_w.l(libshutdown.o)
    0x08000212   0x08000212   0x00000000   Code   RO         4180    .ARM.Collect$$libshutdown$$00000002  c_w.l(libshutdown2.o)
    0x08000212   0x08000212   0x00000000   Code   RO         4182    .ARM.Collect$$libshutdown$$00000004  c_w.l(libshutdown2.o)
    0x08000212   0x08000212   0x00000000   Code   RO         4185    .ARM.Collect$$libshutdown$$00000007  c_w.l(libshutdown2.o)
    0x08000212   0x08000212   0x00000000   Code   RO         4188    .ARM.Collect$$libshutdown$$0000000A  c_w.l(libshutdown2.o)
    0x08000212   0x08000212   0x00000000   Code   RO         4190    .ARM.Collect$$libshutdown$$0000000C  c_w.l(libshutdown2.o)
    0x08000212   0x08000212   0x00000000   Code   RO         4193    .ARM.Collect$$libshutdown$$0000000F  c_w.l(libshutdown2.o)
    0x08000212   0x08000212   0x00000002   Code   RO         4194    .ARM.Collect$$libshutdown$$00000010  c_w.l(libshutdown2.o)
    0x08000214   0x08000214   0x00000000   Code   RO         3856    .ARM.Collect$$rtentry$$00000000  c_w.l(__rtentry.o)
    0x08000214   0x08000214   0x00000000   Code   RO         3997    .ARM.Collect$$rtentry$$00000002  c_w.l(__rtentry2.o)
    0x08000214   0x08000214   0x00000006   Code   RO         4009    .ARM.Collect$$rtentry$$00000004  c_w.l(__rtentry4.o)
    0x0800021a   0x0800021a   0x00000000   Code   RO         3999    .ARM.Collect$$rtentry$$00000009  c_w.l(__rtentry2.o)
    0x0800021a   0x0800021a   0x00000004   Code   RO         4000    .ARM.Collect$$rtentry$$0000000A  c_w.l(__rtentry2.o)
    0x0800021e   0x0800021e   0x00000000   Code   RO         4002    .ARM.Collect$$rtentry$$0000000C  c_w.l(__rtentry2.o)
    0x0800021e   0x0800021e   0x00000008   Code   RO         4003    .ARM.Collect$$rtentry$$0000000D  c_w.l(__rtentry2.o)
    0x08000226   0x08000226   0x00000002   Code   RO         4094    .ARM.Collect$$rtexit$$00000000  c_w.l(rtexit.o)
    0x08000228   0x08000228   0x00000000   Code   RO         4147    .ARM.Collect$$rtexit$$00000002  c_w.l(rtexit2.o)
    0x08000228   0x08000228   0x00000004   Code   RO         4148    .ARM.Collect$$rtexit$$00000003  c_w.l(rtexit2.o)
    0x0800022c   0x0800022c   0x00000006   Code   RO         4149    .ARM.Collect$$rtexit$$00000004  c_w.l(rtexit2.o)
    0x08000232   0x08000232   0x00000002   PAD
    0x08000234   0x08000234   0x00000040   Code   RO         3184    .text               startup_stm32f10x_md.o
    0x08000274   0x08000274   0x00000024   Code   RO         3794    .text               c_w.l(vsprintf.o)
    0x08000298   0x08000298   0x00000080   Code   RO         3796    .text               c_w.l(strcmpv7m.o)
    0x08000318   0x08000318   0x00000006   Code   RO         3798    .text               c_w.l(heapauxi.o)
    0x0800031e   0x0800031e   0x0000004e   Code   RO         3861    .text               c_w.l(_printf_pad.o)
    0x0800036c   0x0800036c   0x00000024   Code   RO         3863    .text               c_w.l(_printf_truncate.o)
    0x08000390   0x08000390   0x00000052   Code   RO         3865    .text               c_w.l(_printf_str.o)
    0x080003e2   0x080003e2   0x00000002   PAD
    0x080003e4   0x080003e4   0x00000078   Code   RO         3867    .text               c_w.l(_printf_dec.o)
    0x0800045c   0x0800045c   0x00000028   Code   RO         3869    .text               c_w.l(_printf_charcount.o)
    0x08000484   0x08000484   0x00000030   Code   RO         3871    .text               c_w.l(_printf_char_common.o)
    0x080004b4   0x080004b4   0x0000000a   Code   RO         3873    .text               c_w.l(_sputc.o)
    0x080004be   0x080004be   0x00000002   PAD
    0x080004c0   0x080004c0   0x000000bc   Code   RO         3875    .text               c_w.l(_printf_wctomb.o)
    0x0800057c   0x0800057c   0x0000007c   Code   RO         3878    .text               c_w.l(_printf_longlong_dec.o)
    0x080005f8   0x080005f8   0x00000070   Code   RO         3884    .text               c_w.l(_printf_oct_int_ll.o)
    0x08000668   0x08000668   0x00000094   Code   RO         3904    .text               c_w.l(_printf_hex_int_ll_ptr.o)
    0x080006fc   0x080006fc   0x00000188   Code   RO         3924    .text               c_w.l(__printf_flags_ss_wp.o)
    0x08000884   0x08000884   0x0000008a   Code   RO         4016    .text               c_w.l(lludiv10.o)
    0x0800090e   0x0800090e   0x000000b2   Code   RO         4018    .text               c_w.l(_printf_intcommon.o)
    0x080009c0   0x080009c0   0x0000041e   Code   RO         4020    .text               c_w.l(_printf_fp_dec.o)
    0x08000dde   0x08000dde   0x00000002   PAD
    0x08000de0   0x08000de0   0x000002fc   Code   RO         4022    .text               c_w.l(_printf_fp_hex.o)
    0x080010dc   0x080010dc   0x0000002c   Code   RO         4027    .text               c_w.l(_printf_char.o)
    0x08001108   0x08001108   0x0000002c   Code   RO         4029    .text               c_w.l(_printf_wchar.o)
    0x08001134   0x08001134   0x00000040   Code   RO         4032    .text               c_w.l(_wcrtomb.o)
    0x08001174   0x08001174   0x00000008   Code   RO         4040    .text               c_w.l(libspace.o)
    0x0800117c   0x0800117c   0x0000004a   Code   RO         4043    .text               c_w.l(sys_stackheap_outer.o)
    0x080011c6   0x080011c6   0x00000002   PAD
    0x080011c8   0x080011c8   0x00000010   Code   RO         4045    .text               c_w.l(rt_ctype_table.o)
    0x080011d8   0x080011d8   0x00000008   Code   RO         4050    .text               c_w.l(rt_locale_intlibspace.o)
    0x080011e0   0x080011e0   0x00000080   Code   RO         4052    .text               c_w.l(_printf_fp_infnan.o)
    0x08001260   0x08001260   0x000000e4   Code   RO         4054    .text               c_w.l(bigflt0.o)
    0x08001344   0x08001344   0x00000012   Code   RO         4082    .text               c_w.l(exit.o)
    0x08001356   0x08001356   0x00000002   PAD
    0x08001358   0x08001358   0x0000000c   Code   RO         4159    .text               c_w.l(sys_exit.o)
    0x08001364   0x08001364   0x00000002   Code   RO         4170    .text               c_w.l(use_no_semi.o)
    0x08001366   0x08001366   0x00000000   Code   RO         4172    .text               c_w.l(indicate_semi.o)
    0x08001366   0x08001366   0x0000003e   Code   RO         4057    CL$$btod_d2e        c_w.l(btod.o)
    0x080013a4   0x080013a4   0x00000046   Code   RO         4059    CL$$btod_d2e_denorm_low  c_w.l(btod.o)
    0x080013ea   0x080013ea   0x00000060   Code   RO         4058    CL$$btod_d2e_norm_op1  c_w.l(btod.o)
    0x0800144a   0x0800144a   0x00000338   Code   RO         4067    CL$$btod_div_common  c_w.l(btod.o)
    0x08001782   0x08001782   0x000000dc   Code   RO         4064    CL$$btod_e2e        c_w.l(btod.o)
    0x0800185e   0x0800185e   0x0000002a   Code   RO         4061    CL$$btod_ediv       c_w.l(btod.o)
    0x08001888   0x08001888   0x0000002a   Code   RO         4060    CL$$btod_emul       c_w.l(btod.o)
    0x080018b2   0x080018b2   0x00000244   Code   RO         4066    CL$$btod_mult_common  c_w.l(btod.o)
    0x08001af6   0x08001af6   0x00000002   PAD
    0x08001af8   0x08001af8   0x00000024   Code   RO         3610    i.Begin_counting_control_init  speed.o
    0x08001b1c   0x08001b1c   0x00000002   Code   RO         1592    i.BusFault_Handler  stm32f10x_it.o
    0x08001b1e   0x08001b1e   0x00000002   Code   RO         1593    i.DebugMon_Handler  stm32f10x_it.o
    0x08001b20   0x08001b20   0x00000016   Code   RO         3693    i.Delay_ms          delay.o
    0x08001b36   0x08001b36   0x00000020   Code   RO         3695    i.Delay_us          delay.o
    0x08001b56   0x08001b56   0x00000002   PAD
    0x08001b58   0x08001b58   0x00000018   Code   RO         3611    i.DetectChip        speed.o
    0x08001b70   0x08001b70   0x000000cc   Code   RO         3612    i.Display_message   speed.o
    0x08001c3c   0x08001c3c   0x00000080   Code   RO         3613    i.GPIO_Configuration  speed.o
    0x08001cbc   0x08001cbc   0x000000a2   Code   RO         1274    i.GPIO_Init         stm32f10x_gpio.o
    0x08001d5e   0x08001d5e   0x00000002   PAD
    0x08001d60   0x08001d60   0x00000058   Code   RO         1276    i.GPIO_PinRemapConfig  stm32f10x_gpio.o
    0x08001db8   0x08001db8   0x0000000e   Code   RO         1278    i.GPIO_ReadInputDataBit  stm32f10x_gpio.o
    0x08001dc6   0x08001dc6   0x0000000a   Code   RO         1285    i.GPIO_WriteBit     stm32f10x_gpio.o
    0x08001dd0   0x08001dd0   0x00000074   Code   RO         3614    i.HandleError       speed.o
    0x08001e44   0x08001e44   0x00000002   Code   RO         1594    i.HardFault_Handler  stm32f10x_it.o
    0x08001e46   0x08001e46   0x00000002   Code   RO         1595    i.MemManage_Handler  stm32f10x_it.o
    0x08001e48   0x08001e48   0x00000002   Code   RO         1596    i.NMI_Handler       stm32f10x_it.o
    0x08001e4a   0x08001e4a   0x00000028   Code   RO         3615    i.NVIC_Configuration  speed.o
    0x08001e72   0x08001e72   0x00000002   PAD
    0x08001e74   0x08001e74   0x00000064   Code   RO            1    i.NVIC_Init         misc.o
    0x08001ed8   0x08001ed8   0x00000014   Code   RO            2    i.NVIC_PriorityGroupConfig  misc.o
    0x08001eec   0x08001eec   0x00000028   Code   RO         3236    i.OLED_Clear        oled.o
    0x08001f14   0x08001f14   0x0000005c   Code   RO         3237    i.OLED_ClearArea    oled.o
    0x08001f70   0x08001f70   0x0000005c   Code   RO         3245    i.OLED_GPIO_Init    oled.o
    0x08001fcc   0x08001fcc   0x0000003a   Code   RO         3247    i.OLED_I2C_SendByte  oled.o
    0x08002006   0x08002006   0x0000001e   Code   RO         3248    i.OLED_I2C_Start    oled.o
    0x08002024   0x08002024   0x00000018   Code   RO         3249    i.OLED_I2C_Stop     oled.o
    0x0800203c   0x0800203c   0x0000009c   Code   RO         3250    i.OLED_Init         oled.o
    0x080020d8   0x080020d8   0x0000000e   Code   RO         3252    i.OLED_Pow          oled.o
    0x080020e6   0x080020e6   0x00000022   Code   RO         3256    i.OLED_SetCursor    oled.o
    0x08002108   0x08002108   0x0000003c   Code   RO         3258    i.OLED_ShowChar     oled.o
    0x08002144   0x08002144   0x000000bc   Code   RO         3262    i.OLED_ShowImage    oled.o
    0x08002200   0x08002200   0x00000046   Code   RO         3263    i.OLED_ShowNum      oled.o
    0x08002246   0x08002246   0x0000002c   Code   RO         3265    i.OLED_ShowString   oled.o
    0x08002272   0x08002272   0x00000002   PAD
    0x08002274   0x08002274   0x00000028   Code   RO         3266    i.OLED_Update       oled.o
    0x0800229c   0x0800229c   0x00000010   Code   RO         3268    i.OLED_W_SCL        oled.o
    0x080022ac   0x080022ac   0x00000010   Code   RO         3269    i.OLED_W_SDA        oled.o
    0x080022bc   0x080022bc   0x00000022   Code   RO         3270    i.OLED_WriteCommand  oled.o
    0x080022de   0x080022de   0x00000030   Code   RO         3271    i.OLED_WriteData    oled.o
    0x0800230e   0x0800230e   0x00000002   Code   RO         1597    i.PendSV_Handler    stm32f10x_it.o
    0x08002310   0x08002310   0x0000015c   Code   RO         3616    i.PrintStatistics   speed.o
    0x0800246c   0x0800246c   0x000000b8   Code   RO         3617    i.ProcessChipDetection  speed.o
    0x08002524   0x08002524   0x00000018   Code   RO         1765    i.RCC_APB1PeriphClockCmd  stm32f10x_rcc.o
    0x0800253c   0x0800253c   0x00000018   Code   RO         1767    i.RCC_APB2PeriphClockCmd  stm32f10x_rcc.o
    0x08002554   0x08002554   0x00000090   Code   RO         1775    i.RCC_GetClocksFreq  stm32f10x_rcc.o
    0x080025e4   0x080025e4   0x00000030   Code   RO         3618    i.ResetCounter      speed.o
    0x08002614   0x08002614   0x00000002   Code   RO         1598    i.SVC_Handler       stm32f10x_it.o
    0x08002616   0x08002616   0x0000001c   Code   RO         3718    i.Serial_Printf     usart1.o
    0x08002632   0x08002632   0x00000002   PAD
    0x08002634   0x08002634   0x00000020   Code   RO         3720    i.Serial_SendByte   usart1.o
    0x08002654   0x08002654   0x00000018   Code   RO         3722    i.Serial_SendString  usart1.o
    0x0800266c   0x0800266c   0x000000a8   Code   RO         3188    i.SetSysClockTo72   system_stm32f10x.o
    0x08002714   0x08002714   0x00000002   Code   RO         1599    i.SysTick_Handler   stm32f10x_it.o
    0x08002716   0x08002716   0x00000002   PAD
    0x08002718   0x08002718   0x00000050   Code   RO         3190    i.SystemInit        system_stm32f10x.o
    0x08002768   0x08002768   0x0000006c   Code   RO         2394    i.TI1_Config        stm32f10x_tim.o
    0x080027d4   0x080027d4   0x0000007c   Code   RO         2395    i.TI2_Config        stm32f10x_tim.o
    0x08002850   0x08002850   0x00000040   Code   RO         3619    i.TIM2_IRQHandler   speed.o
    0x08002890   0x08002890   0x00000006   Code   RO         2403    i.TIM_ClearITPendingBit  stm32f10x_tim.o
    0x08002896   0x08002896   0x00000014   Code   RO         2408    i.TIM_Cmd           stm32f10x_tim.o
    0x080028aa   0x080028aa   0x00000018   Code   RO         2429    i.TIM_GetITStatus   stm32f10x_tim.o
    0x080028c2   0x080028c2   0x00000002   PAD
    0x080028c4   0x080028c4   0x0000012c   Code   RO         2431    i.TIM_ICInit        stm32f10x_tim.o
    0x080029f0   0x080029f0   0x00000010   Code   RO         2433    i.TIM_ITConfig      stm32f10x_tim.o
    0x08002a00   0x08002a00   0x0000005e   Code   RO         3620    i.TIM_InputCapture_Configuration  speed.o
    0x08002a5e   0x08002a5e   0x00000004   Code   RO         2473    i.TIM_SetCounter    stm32f10x_tim.o
    0x08002a62   0x08002a62   0x00000010   Code   RO         2474    i.TIM_SetIC1Prescaler  stm32f10x_tim.o
    0x08002a72   0x08002a72   0x00000018   Code   RO         2475    i.TIM_SetIC2Prescaler  stm32f10x_tim.o
    0x08002a8a   0x08002a8a   0x00000010   Code   RO         2476    i.TIM_SetIC3Prescaler  stm32f10x_tim.o
    0x08002a9a   0x08002a9a   0x00000018   Code   RO         2477    i.TIM_SetIC4Prescaler  stm32f10x_tim.o
    0x08002ab2   0x08002ab2   0x00000002   PAD
    0x08002ab4   0x08002ab4   0x0000009c   Code   RO         2479    i.TIM_TimeBaseInit  stm32f10x_tim.o
    0x08002b50   0x08002b50   0x0000003c   Code   RO         3724    i.USART1_IRQHandler  usart1.o
    0x08002b8c   0x08002b8c   0x000000b8   Code   RO         3725    i.USART1_Init       usart1.o
    0x08002c44   0x08002c44   0x0000000c   Code   RO         2931    i.USART_ClearITPendingBit  stm32f10x_usart.o
    0x08002c50   0x08002c50   0x00000014   Code   RO         2934    i.USART_Cmd         stm32f10x_usart.o
    0x08002c64   0x08002c64   0x0000000e   Code   RO         2937    i.USART_GetFlagStatus  stm32f10x_usart.o
    0x08002c72   0x08002c72   0x0000003e   Code   RO         2938    i.USART_GetITStatus  stm32f10x_usart.o
    0x08002cb0   0x08002cb0   0x00000030   Code   RO         2940    i.USART_ITConfig    stm32f10x_usart.o
    0x08002ce0   0x08002ce0   0x000000ac   Code   RO         2941    i.USART_Init        stm32f10x_usart.o
    0x08002d8c   0x08002d8c   0x00000008   Code   RO         2948    i.USART_ReceiveData  stm32f10x_usart.o
    0x08002d94   0x08002d94   0x00000008   Code   RO         2951    i.USART_SendData    stm32f10x_usart.o
    0x08002d9c   0x08002d9c   0x00000002   Code   RO         1600    i.UsageFault_Handler  stm32f10x_it.o
    0x08002d9e   0x08002d9e   0x00000028   Code   RO         4036    i.__ARM_fpclassify  m_ws.l(fpclassify.o)
    0x08002dc6   0x08002dc6   0x0000000e   Code   RO         3917    i._is_digit         c_w.l(__printf_wp.o)
    0x08002dd4   0x08002dd4   0x000000c4   Code   RO         3496    i.main              main.o
    0x08002e98   0x08002e98   0x0000002c   Code   RO         4080    locale$$code        c_w.l(lc_numeric_c.o)
    0x08002ec4   0x08002ec4   0x0000002c   Code   RO         4097    locale$$code        c_w.l(lc_ctype_c.o)
    0x08002ef0   0x08002ef0   0x00000004   Code   RO         3962    x$fpl$printf1       fz_ws.l(printf1.o)
    0x08002ef4   0x08002ef4   0x00000004   Code   RO         3964    x$fpl$printf2       fz_ws.l(printf2.o)
    0x08002ef8   0x08002ef8   0x00000000   Code   RO         3970    x$fpl$usenofp       fz_ws.l(usenofp.o)
    0x08002ef8   0x08002ef8   0x000005f0   Data   RO         3479    .constdata          oled_data.o
    0x080034e8   0x080034e8   0x0000023a   Data   RO         3480    .constdata          oled_data.o
    0x08003722   0x08003722   0x00000002   PAD
    0x08003724   0x08003724   0x00000008   Data   RO         3876    .constdata          c_w.l(_printf_wctomb.o)
    0x0800372c   0x0800372c   0x00000028   Data   RO         3905    .constdata          c_w.l(_printf_hex_int_ll_ptr.o)
    0x08003754   0x08003754   0x00000011   Data   RO         3925    .constdata          c_w.l(__printf_flags_ss_wp.o)
    0x08003765   0x08003765   0x00000026   Data   RO         4023    .constdata          c_w.l(_printf_fp_hex.o)
    0x0800378b   0x0800378b   0x00000001   PAD
    0x0800378c   0x0800378c   0x00000094   Data   RO         4055    .constdata          c_w.l(bigflt0.o)
    0x08003820   0x08003820   0x00000020   Data   RO         4225    Region$$Table       anon$$obj.o
    0x08003840   0x08003840   0x0000001c   Data   RO         4079    locale$$data        c_w.l(lc_numeric_c.o)
    0x0800385c   0x0800385c   0x00000110   Data   RO         4096    locale$$data        c_w.l(lc_ctype_c.o)


    Execution Region RW_IRAM1 (Exec base: 0x20000000, Load base: 0x0800396c, Size: 0x00000a90, Max: 0x00005000, ABSOLUTE)

    Exec Addr    Load Addr    Size         Type   Attr      Idx    E Section Name        Object

    0x20000000   0x0800396c   0x00000014   Data   RW         1795    .data               stm32f10x_rcc.o
    0x20000014   0x08003980   0x00000004   Data   RW         3497    .data               main.o
    0x20000018   0x08003984   0x00000014   Data   RW         3621    .data               speed.o
    0x2000002c   0x08003998   0x00000002   Data   RW         3727    .data               usart1.o
    0x2000002e   0x0800399a   0x00000002   PAD
    0x20000030        -       0x00000400   Zero   RW         3273    .bss                oled.o
    0x20000430        -       0x00000060   Zero   RW         4041    .bss                c_w.l(libspace.o)
    0x20000490        -       0x00000200   Zero   RW         3182    HEAP                startup_stm32f10x_md.o
    0x20000690        -       0x00000400   Zero   RW         3181    STACK               startup_stm32f10x_md.o


==============================================================================

Image component sizes


      Code (inc. data)   RO Data    RW Data    ZI Data      Debug   Object Name

         0          0          0          0          0         32   core_cm3.o
        54          0          0          0          0       1352   delay.o
       196         46          0          4          0     234199   main.o
       120         16          0          0          0     234055   misc.o
      1056         44          0          0       1024      12071   oled.o
         0          0       2090          0          0       1385   oled_data.o
      1286        408          0         20          0       7744   speed.o
        64         26        236          0       1536        772   startup_stm32f10x_md.o
         0          0          0          0          0       1664   stm32f10x_adc.o
       274          6          0          0          0      12210   stm32f10x_gpio.o
        18          0          0          0          0       3894   stm32f10x_it.o
       192         28          0         20          0      13230   stm32f10x_rcc.o
       838        104          0          0          0      29931   stm32f10x_tim.o
       344          6          0          0          0      12703   stm32f10x_usart.o
       248         24          0          0          0       1649   system_stm32f10x.o
       328         24          0          2          0       3808   usart1.o

    ----------------------------------------------------------------------
      5034        732       2360         48       2560     570699   Object Totals
         0          0         32          0          0          0   (incl. Generated)
        16          0          2          2          0          0   (incl. Padding)

    ----------------------------------------------------------------------

      Code (inc. data)   RO Data    RW Data    ZI Data      Debug   Library Member Name

         8          0          0          0          0         68   __main.o
       392          4         17          0          0         92   __printf_flags_ss_wp.o
        14          0          0          0          0         68   __printf_wp.o
         0          0          0          0          0          0   __rtentry.o
        12          0          0          0          0          0   __rtentry2.o
         6          0          0          0          0          0   __rtentry4.o
        52          8          0          0          0          0   __scatter.o
        26          0          0          0          0          0   __scatter_copy.o
        28          0          0          0          0          0   __scatter_zi.o
         6          0          0          0          0          0   _printf_a.o
         6          0          0          0          0          0   _printf_c.o
        44          0          0          0          0        108   _printf_char.o
        48          6          0          0          0         96   _printf_char_common.o
        40          0          0          0          0         68   _printf_charcount.o
         6          0          0          0          0          0   _printf_d.o
       120         16          0          0          0         92   _printf_dec.o
         6          0          0          0          0          0   _printf_e.o
         6          0          0          0          0          0   _printf_f.o
      1054          0          0          0          0        216   _printf_fp_dec.o
       764          8         38          0          0        100   _printf_fp_hex.o
       128         16          0          0          0         84   _printf_fp_infnan.o
         6          0          0          0          0          0   _printf_g.o
       148          4         40          0          0        160   _printf_hex_int_ll_ptr.o
         6          0          0          0          0          0   _printf_i.o
       178          0          0          0          0         88   _printf_intcommon.o
        10          0          0          0          0          0   _printf_l.o
         6          0          0          0          0          0   _printf_lc.o
        10          0          0          0          0          0   _printf_ll.o
         6          0          0          0          0          0   _printf_lld.o
         6          0          0          0          0          0   _printf_lli.o
         6          0          0          0          0          0   _printf_llo.o
         6          0          0          0          0          0   _printf_llu.o
         6          0          0          0          0          0   _printf_llx.o
       124         16          0          0          0         92   _printf_longlong_dec.o
         6          0          0          0          0          0   _printf_ls.o
         6          0          0          0          0          0   _printf_n.o
         6          0          0          0          0          0   _printf_o.o
       112         10          0          0          0        124   _printf_oct_int_ll.o
         6          0          0          0          0          0   _printf_p.o
        78          0          0          0          0        108   _printf_pad.o
         0          0          0          0          0          0   _printf_percent.o
         4          0          0          0          0          0   _printf_percent_end.o
         6          0          0          0          0          0   _printf_s.o
        82          0          0          0          0         80   _printf_str.o
        36          0          0          0          0         84   _printf_truncate.o
         6          0          0          0          0          0   _printf_u.o
        44          0          0          0          0        108   _printf_wchar.o
       188          6          8          0          0         92   _printf_wctomb.o
         6          0          0          0          0          0   _printf_x.o
        10          0          0          0          0         68   _sputc.o
        64          0          0          0          0         92   _wcrtomb.o
       228          4        148          0          0         96   bigflt0.o
      1936        128          0          0          0        672   btod.o
        18          0          0          0          0         80   exit.o
         6          0          0          0          0        152   heapauxi.o
         0          0          0          0          0          0   indicate_semi.o
        44         10        272          0          0         76   lc_ctype_c.o
        44         10         28          0          0         76   lc_numeric_c.o
         2          0          0          0          0          0   libinit.o
        30          0          0          0          0          0   libinit2.o
         2          0          0          0          0          0   libshutdown.o
         2          0          0          0          0          0   libshutdown2.o
         8          4          0          0         96         68   libspace.o
       138          0          0          0          0         80   lludiv10.o
        16          4          0          0          0         76   rt_ctype_table.o
         8          4          0          0          0         68   rt_locale_intlibspace.o
         2          0          0          0          0          0   rtexit.o
        10          0          0          0          0          0   rtexit2.o
       128          0          0          0          0         68   strcmpv7m.o
        12          4          0          0          0         68   sys_exit.o
        74          0          0          0          0         80   sys_stackheap_outer.o
         2          0          0          0          0         68   use_no_semi.o
        36          4          0          0          0         76   vsprintf.o
         4          0          0          0          0         68   printf1.o
         4          0          0          0          0         68   printf2.o
         0          0          0          0          0          0   usenofp.o
        40          0          0          0          0         68   fpclassify.o

    ----------------------------------------------------------------------
      6754        266        552          0         96       4096   Library Totals
        16          0          1          0          0          0   (incl. Padding)

    ----------------------------------------------------------------------

      Code (inc. data)   RO Data    RW Data    ZI Data      Debug   Library Name

      6690        266        551          0         96       3892   c_w.l
         8          0          0          0          0        136   fz_ws.l
        40          0          0          0          0         68   m_ws.l

    ----------------------------------------------------------------------
      6754        266        552          0         96       4096   Library Totals

    ----------------------------------------------------------------------

==============================================================================


      Code (inc. data)   RO Data    RW Data    ZI Data      Debug   

     11788        998       2912         48       2656     568759   Grand Totals
     11788        998       2912         48       2656     568759   ELF Image Totals
     11788        998       2912         48          0          0   ROM Totals

==============================================================================

    Total RO  Size (Code + RO Data)                14700 (  14.36kB)
    Total RW  Size (RW Data + ZI Data)              2704 (   2.64kB)
    Total ROM Size (Code + RO Data + RW Data)      14748 (  14.40kB)

==============================================================================

